Component: ARM Compiler 5.06 update 5 (build 528) Tool: armlink [4d35e2]

==============================================================================

Section Cross References

    startup_stm32f10x_md.o(STACK) refers (Special) to heapauxi.o(.text) for __use_two_region_memory
    startup_stm32f10x_md.o(HEAP) refers (Special) to heapauxi.o(.text) for __use_two_region_memory
    startup_stm32f10x_md.o(RESET) refers (Special) to heapauxi.o(.text) for __use_two_region_memory
    startup_stm32f10x_md.o(RESET) refers to startup_stm32f10x_md.o(STACK) for __initial_sp
    startup_stm32f10x_md.o(RESET) refers to startup_stm32f10x_md.o(.text) for Reset_Handler
    startup_stm32f10x_md.o(RESET) refers to stm32f10x_it.o(i.NMI_Handler) for NMI_Handler
    startup_stm32f10x_md.o(RESET) refers to stm32f10x_it.o(i.HardFault_Handler) for HardFault_Handler
    startup_stm32f10x_md.o(RESET) refers to stm32f10x_it.o(i.MemManage_Handler) for MemManage_Handler
    startup_stm32f10x_md.o(RESET) refers to stm32f10x_it.o(i.BusFault_Handler) for BusFault_Handler
    startup_stm32f10x_md.o(RESET) refers to stm32f10x_it.o(i.UsageFault_Handler) for UsageFault_Handler
    startup_stm32f10x_md.o(RESET) refers to stm32f10x_it.o(i.SVC_Handler) for SVC_Handler
    startup_stm32f10x_md.o(RESET) refers to stm32f10x_it.o(i.DebugMon_Handler) for DebugMon_Handler
    startup_stm32f10x_md.o(RESET) refers to stm32f10x_it.o(i.PendSV_Handler) for PendSV_Handler
    startup_stm32f10x_md.o(RESET) refers to stm32f10x_it.o(i.SysTick_Handler) for SysTick_Handler
    startup_stm32f10x_md.o(RESET) refers to countsensor.o(i.EXTI3_IRQHandler) for EXTI3_IRQHandler
    startup_stm32f10x_md.o(RESET) refers to main.o(i.TIM3_IRQHandler) for TIM3_IRQHandler
    startup_stm32f10x_md.o(RESET) refers to hcsr04.o(i.TIM4_IRQHandler) for TIM4_IRQHandler
    startup_stm32f10x_md.o(.text) refers (Special) to heapauxi.o(.text) for __use_two_region_memory
    startup_stm32f10x_md.o(.text) refers to system_stm32f10x.o(i.SystemInit) for SystemInit
    startup_stm32f10x_md.o(.text) refers to __main.o(!!!main) for __main
    startup_stm32f10x_md.o(.text) refers to startup_stm32f10x_md.o(HEAP) for Heap_Mem
    startup_stm32f10x_md.o(.text) refers to startup_stm32f10x_md.o(STACK) for Stack_Mem
    system_stm32f10x.o(i.RCC_Configuration) refers to stm32f10x_rcc.o(i.RCC_DeInit) for RCC_DeInit
    system_stm32f10x.o(i.RCC_Configuration) refers to stm32f10x_rcc.o(i.RCC_HSICmd) for RCC_HSICmd
    system_stm32f10x.o(i.RCC_Configuration) refers to stm32f10x_rcc.o(i.RCC_GetFlagStatus) for RCC_GetFlagStatus
    system_stm32f10x.o(i.RCC_Configuration) refers to stm32f10x_rcc.o(i.RCC_HCLKConfig) for RCC_HCLKConfig
    system_stm32f10x.o(i.RCC_Configuration) refers to stm32f10x_rcc.o(i.RCC_PCLK1Config) for RCC_PCLK1Config
    system_stm32f10x.o(i.RCC_Configuration) refers to stm32f10x_rcc.o(i.RCC_PCLK2Config) for RCC_PCLK2Config
    system_stm32f10x.o(i.RCC_Configuration) refers to stm32f10x_rcc.o(i.RCC_ADCCLKConfig) for RCC_ADCCLKConfig
    system_stm32f10x.o(i.RCC_Configuration) refers to stm32f10x_rcc.o(i.RCC_PLLConfig) for RCC_PLLConfig
    system_stm32f10x.o(i.RCC_Configuration) refers to stm32f10x_rcc.o(i.RCC_PLLCmd) for RCC_PLLCmd
    system_stm32f10x.o(i.RCC_Configuration) refers to stm32f10x_rcc.o(i.RCC_SYSCLKConfig) for RCC_SYSCLKConfig
    system_stm32f10x.o(i.RCC_Configuration) refers to stm32f10x_rcc.o(i.RCC_GetSYSCLKSource) for RCC_GetSYSCLKSource
    system_stm32f10x.o(i.SetSysClock) refers to system_stm32f10x.o(i.SetSysClockTo72) for SetSysClockTo72
    system_stm32f10x.o(i.SetSysClockTo72) refers to system_stm32f10x.o(i.RCC_Configuration) for RCC_Configuration
    system_stm32f10x.o(i.SystemCoreClockUpdate) refers to system_stm32f10x.o(.data) for SystemCoreClock
    system_stm32f10x.o(i.SystemInit) refers to system_stm32f10x.o(i.SetSysClock) for SetSysClock
    stm32f10x_adc.o(i.ADC_DeInit) refers to stm32f10x_rcc.o(i.RCC_APB2PeriphResetCmd) for RCC_APB2PeriphResetCmd
    stm32f10x_bkp.o(i.BKP_DeInit) refers to stm32f10x_rcc.o(i.RCC_BackupResetCmd) for RCC_BackupResetCmd
    stm32f10x_can.o(i.CAN_DeInit) refers to stm32f10x_rcc.o(i.RCC_APB1PeriphResetCmd) for RCC_APB1PeriphResetCmd
    stm32f10x_can.o(i.CAN_GetITStatus) refers to stm32f10x_can.o(i.CheckITStatus) for CheckITStatus
    stm32f10x_cec.o(i.CEC_DeInit) refers to stm32f10x_rcc.o(i.RCC_APB1PeriphResetCmd) for RCC_APB1PeriphResetCmd
    stm32f10x_dac.o(i.DAC_DeInit) refers to stm32f10x_rcc.o(i.RCC_APB1PeriphResetCmd) for RCC_APB1PeriphResetCmd
    stm32f10x_flash.o(i.FLASH_EnableWriteProtection) refers to stm32f10x_flash.o(i.FLASH_WaitForLastOperation) for FLASH_WaitForLastOperation
    stm32f10x_flash.o(i.FLASH_EraseAllBank1Pages) refers to stm32f10x_flash.o(i.FLASH_WaitForLastBank1Operation) for FLASH_WaitForLastBank1Operation
    stm32f10x_flash.o(i.FLASH_EraseAllPages) refers to stm32f10x_flash.o(i.FLASH_WaitForLastOperation) for FLASH_WaitForLastOperation
[...]
    .ARM.Collect$$libinit$$0000000C          0x08000172   Section        0  libinit2.o(.ARM.Collect$$libinit$$0000000C)
    .ARM.Collect$$libinit$$0000000E          0x08000172   Section        0  libinit2.o(.ARM.Collect$$libinit$$0000000E)
    .ARM.Collect$$libinit$$0000000F          0x08000172   Section        6  libinit2.o(.ARM.Collect$$libinit$$0000000F)
    .ARM.Collect$$libinit$$00000011          0x08000178   Section        0  libinit2.o(.ARM.Collect$$libinit$$00000011)
    .ARM.Collect$$libinit$$00000013          0x08000178   Section        0  libinit2.o(.ARM.Collect$$libinit$$00000013)
    .ARM.Collect$$libinit$$00000015          0x08000178   Section        0  libinit2.o(.ARM.Collect$$libinit$$00000015)
    .ARM.Collect$$libinit$$00000016          0x08000178   Section       10  libinit2.o(.ARM.Collect$$libinit$$00000016)
    .ARM.Collect$$libinit$$00000017          0x08000182   Section        0  libinit2.o(.ARM.Collect$$libinit$$00000017)
    .ARM.Collect$$libinit$$00000019          0x08000182   Section        0  libinit2.o(.ARM.Collect$$libinit$$00000019)
    .ARM.Collect$$libinit$$0000001B          0x08000182   Section        0  libinit2.o(.ARM.Collect$$libinit$$0000001B)
    .ARM.Collect$$libinit$$0000001D          0x08000182   Section        0  libinit2.o(.ARM.Collect$$libinit$$0000001D)
    .ARM.Collect$$libinit$$0000001F          0x08000182   Section        0  libinit2.o(.ARM.Collect$$libinit$$0000001F)
    .ARM.Collect$$libinit$$00000021          0x08000182   Section        0  libinit2.o(.ARM.Collect$$libinit$$00000021)
    .ARM.Collect$$libinit$$00000023          0x08000182   Section        0  libinit2.o(.ARM.Collect$$libinit$$00000023)
    .ARM.Collect$$libinit$$00000025          0x08000182   Section        0  libinit2.o(.ARM.Collect$$libinit$$00000025)
    .ARM.Collect$$libinit$$0000002C          0x08000182   Section        0  libinit2.o(.ARM.Collect$$libinit$$0000002C)
    .ARM.Collect$$libinit$$0000002E          0x08000182   Section        0  libinit2.o(.ARM.Collect$$libinit$$0000002E)
    .ARM.Collect$$libinit$$00000030          0x08000182   Section        0  libinit2.o(.ARM.Collect$$libinit$$00000030)
    .ARM.Collect$$libinit$$00000032          0x08000182   Section        0  libinit2.o(.ARM.Collect$$libinit$$00000032)
    .ARM.Collect$$libinit$$00000033          0x08000182   Section        2  libinit2.o(.ARM.Collect$$libinit$$00000033)
    .ARM.Collect$$libshutdown$$00000000      0x08000184   Section        2  libshutdown.o(.ARM.Collect$$libshutdown$$00000000)
    .ARM.Collect$$libshutdown$$00000002      0x08000186   Section        0  libshutdown2.o(.ARM.Collect$$libshutdown$$00000002)
    .ARM.Collect$$libshutdown$$00000004      0x08000186   Section        0  libshutdown2.o(.ARM.Collect$$libshutdown$$00000004)
    .ARM.Collect$$libshutdown$$00000007      0x08000186   Section        0  libshutdown2.o(.ARM.Collect$$libshutdown$$00000007)
    .ARM.Collect$$libshutdown$$0000000A      0x08000186   Section        0  libshutdown2.o(.ARM.Collect$$libshutdown$$0000000A)
    .ARM.Collect$$libshutdown$$0000000C      0x08000186   Section        0  libshutdown2.o(.ARM.Collect$$libshutdown$$0000000C)
    .ARM.Collect$$libshutdown$$0000000F      0x08000186   Section        0  libshutdown2.o(.ARM.Collect$$libshutdown$$0000000F)
    .ARM.Collect$$libshutdown$$00000010      0x08000186   Section        2  libshutdown2.o(.ARM.Collect$$libshutdown$$00000010)
    .ARM.Collect$$rtentry$$00000000          0x08000188   Section        0  __rtentry.o(.ARM.Collect$$rtentry$$00000000)
    .ARM.Collect$$rtentry$$00000002          0x08000188   Section        0  __rtentry2.o(.ARM.Collect$$rtentry$$00000002)
    .ARM.Collect$$rtentry$$00000004          0x08000188   Section        6  __rtentry4.o(.ARM.Collect$$rtentry$$00000004)
    .ARM.Collect$$rtentry$$00000009          0x0800018e   Section        0  __rtentry2.o(.ARM.Collect$$rtentry$$00000009)
    .ARM.Collect$$rtentry$$0000000A          0x0800018e   Section        4  __rtentry2.o(.ARM.Collect$$rtentry$$0000000A)
    .ARM.Collect$$rtentry$$0000000C          0x08000192   Section        0  __rtentry2.o(.ARM.Collect$$rtentry$$0000000C)
    .ARM.Collect$$rtentry$$0000000D          0x08000192   Section        8  __rtentry2.o(.ARM.Collect$$rtentry$$0000000D)
    .ARM.Collect$$rtexit$$00000000           0x0800019a   Section        2  rtexit.o(.ARM.Collect$$rtexit$$00000000)
    .ARM.Collect$$rtexit$$00000002           0x0800019c   Section        0  rtexit2.o(.ARM.Collect$$rtexit$$00000002)
    .ARM.Collect$$rtexit$$00000003           0x0800019c   Section        4  rtexit2.o(.ARM.Collect$$rtexit$$00000003)
    .ARM.Collect$$rtexit$$00000004           0x080001a0   Section        6  rtexit2.o(.ARM.Collect$$rtexit$$00000004)
    .text                                    0x080001a8   Section       64  startup_stm32f10x_md.o(.text)
    .text                                    0x080001e8   Section        0  __2sprintf.o(.text)
    .text                                    0x08000214   Section        0  _printf_dec.o(.text)
    .text                                    0x0800028c   Section        0  __printf_flags_ss_wp.o(.text)
    .text                                    0x08000414   Section      128  strcmpv7m.o(.text)
    .text                                    0x08000494   Section        0  heapauxi.o(.text)
    .text                                    0x0800049a   Section        0  _printf_intcommon.o(.text)
    .text                                    0x0800054c   Section        0  _printf_fp_dec.o(.text)
    _fp_digits                               0x0800054f   Thumb Code   432  _printf_fp_dec.o(.text)
    .text                                    0x0800096c   Section        0  _printf_char_common.o(.text)
    _printf_input_char                       0x0800096d   Thumb Code    10  _printf_char_common.o(.text)
    .text                                    0x0800099c   Section        0  _sputc.o(.text)
    .text                                    0x080009a8   Section        8  rt_locale_intlibspace.o(.text)
    .text                                    0x080009b0   Section      138  lludiv10.o(.text)
    .text                                    0x08000a3c   Section        0  _printf_fp_infnan.o(.text)
    .text                                    0x08000abc   Section        0  bigflt0.o(.text)
    .text                                    0x08000ba0   Section        8  libspace.o(.text)
    .text                                    0x08000ba8   Section       74  sys_stackheap_outer.o(.text)
    .text                                    0x08000bf2   Section        0  exit.o(.text)
    .text                                    0x08000c04   Section        0  sys_exit.o(.text)
    .text                                    0x08000c10   Section        2  use_no_semi.o(.text)
    .text                                    0x08000c12   Section        0  indicate_semi.o(.text)
    CL$$btod_d2e                             0x08000c12   Section       62  btod.o(CL$$btod_d2e)
    CL$$btod_d2e_denorm_low                  0x08000c50   Section       70  btod.o(CL$$btod_d2e_denorm_low)
    CL$$btod_d2e_norm_op1                    0x08000c96   Section       96  btod.o(CL$$btod_d2e_norm_op1)
    CL$$btod_div_common                      0x08000cf6   Section      824  btod.o(CL$$btod_div_common)
    CL$$btod_e2e                             0x0800102e   Section      220  btod.o(CL$$btod_e2e)
    CL$$btod_ediv                            0x0800110a   Section       42  btod.o(CL$$btod_ediv)
    CL$$btod_emul                            0x08001134   Section       42  btod.o(CL$$btod_emul)
    CL$$btod_mult_common                     0x0800115e   Section      580  btod.o(CL$$btod_mult_common)
    i.AT24C02_Erase                          0x080013a2   Section        0  at24c02.o(i.AT24C02_Erase)
    i.AT24C02_Init                           0x080013c6   Section        0  at24c02.o(i.AT24C02_Init)
    i.AT24C02_ReadByte                       0x080013ce   Section        0  at24c02.o(i.AT24C02_ReadByte)
    i.AT24C02_Read_Float                     0x0800140c   Section        0  at24c02.o(i.AT24C02_Read_Float)
    i.AT24C02_WriteByte                      0x0800143c   Section        0  at24c02.o(i.AT24C02_WriteByte)
    i.AT24C02_Write_Float                    0x08001470   Section        0  at24c02.o(i.AT24C02_Write_Float)
    i.BusFault_Handler                       0x0800149e   Section        0  stm32f10x_it.o(i.BusFault_Handler)
    i.Buzzer_Init                            0x080014a4   Section        0  buzzer.o(i.Buzzer_Init)
    i.Buzzer_OFF                             0x080014d0   Section        0  buzzer.o(i.Buzzer_OFF)
    i.Buzzer_ON                              0x080014e4   Section        0  buzzer.o(i.Buzzer_ON)
    i.CountSensor_Init                       0x080014f8   Section        0  countsensor.o(i.CountSensor_Init)
    i.DS18B20_Check                          0x0800156c   Section        0  ds18b20.o(i.DS18B20_Check)
    i.DS18B20_GET                            0x080015d8   Section        0  main.o(i.DS18B20_GET)
    i.DS18B20_Get_Temp                       0x080015f0   Section        0  ds18b20.o(i.DS18B20_Get_Temp)
    i.DS18B20_Init                           0x0800167c   Section        0  ds18b20.o(i.DS18B20_Init)
    i.DS18B20_Read_Bit                       0x080016c0   Section        0  ds18b20.o(i.DS18B20_Read_Bit)
    i.DS18B20_Read_Byte                      0x0800173c   Section        0  ds18b20.o(i.DS18B20_Read_Byte)
    i.DS18B20_Rst                            0x08001760   Section        0  ds18b20.o(i.DS18B20_Rst)
    i.DS18B20_Start                          0x080017ac   Section        0  ds18b20.o(i.DS18B20_Start)
    i.DS18B20_Write_Byte                     0x080017c4   Section        0  ds18b20.o(i.DS18B20_Write_Byte)
    i.DebugMon_Handler                       0x08001854   Section        0  stm32f10x_it.o(i.DebugMon_Handler)
    i.Delay_ms                               0x08001856   Section        0  delay.o(i.Delay_ms)
    i.Delay_us                               0x0800186e   Section        0  delay.o(i.Delay_us)
    i.Display_function                       0x0800189c   Section        0  main.o(i.Display_function)
    i.EXTI3_IRQHandler                       0x08001a7c   Section        0  countsensor.o(i.EXTI3_IRQHandler)
    i.EXTI_ClearITPendingBit                 0x08001aa0   Section        0  stm32f10x_exti.o(i.EXTI_ClearITPendingBit)
    i.EXTI_GetITStatus                       0x08001aac   Section        0  stm32f10x_exti.o(i.EXTI_GetITStatus)
    i.EXTI_Init                              0x08001ad4   Section        0  stm32f10x_exti.o(i.EXTI_Init)
    i.GPIO_EXTILineConfig                    0x08001b68   Section        0  stm32f10x_gpio.o(i.GPIO_EXTILineConfig)
    i.GPIO_Init                              0x08001ba8   Section        0  stm32f10x_gpio.o(i.GPIO_Init)
    i.GPIO_ReadInputDataBit                  0x08001cbe   Section        0  stm32f10x_gpio.o(i.GPIO_ReadInputDataBit)
    i.GPIO_ResetBits                         0x08001cd0   Section        0  stm32f10x_gpio.o(i.GPIO_ResetBits)
    i.GPIO_SetBits                           0x08001cd4   Section        0  stm32f10x_gpio.o(i.GPIO_SetBits)
    i.GPIO_WriteBit                          0x08001cd8   Section        0  stm32f10x_gpio.o(i.GPIO_WriteBit)
    i.HardFault_Handler                      0x08001ce2   Section        0  stm32f10x_it.o(i.HardFault_Handler)
    i.Key_GetNum                             0x08001ce8   Section        0  key.o(i.Key_GetNum)
    i.Key_Init                               0x08001dc0   Section        0  key.o(i.Key_Init)
    i.Key_function                           0x08001dec   Section        0  main.o(i.Key_function)
    i.LED1_OFF                               0x08001f98   Section        0  led.o(i.LED1_OFF)
    i.LED1_ON                                0x08001fac   Section        0  led.o(i.LED1_ON)
    i.LED_Init                               0x08001fc0   Section        0  led.o(i.LED_Init)
    i.MemManage_Handler                      0x08001ff4   Section        0  stm32f10x_it.o(i.MemManage_Handler)
    i.Motor_Init                             0x08001ff8   Section        0  motor.o(i.Motor_Init)
    i.Motor_SetSpeed                         0x08002028   Section        0  motor.o(i.Motor_SetSpeed)
    i.MyI2C_Init                             0x08002068   Section        0  at24c02.o(i.MyI2C_Init)
    i.MyI2C_R_SDA                            0x080020a0   Section        0  at24c02.o(i.MyI2C_R_SDA)
    i.MyI2C_ReceiveAck                       0x080020bc   Section        0  at24c02.o(i.MyI2C_ReceiveAck)
    i.MyI2C_ReceiveByte                      0x080020da   Section        0  at24c02.o(i.MyI2C_ReceiveByte)
    i.MyI2C_SendAck                          0x0800210e   Section        0  at24c02.o(i.MyI2C_SendAck)
    i.MyI2C_SendByte                         0x08002126   Section        0  at24c02.o(i.MyI2C_SendByte)
    i.MyI2C_Start                            0x08002150   Section        0  at24c02.o(i.MyI2C_Start)
    i.MyI2C_Stop                             0x0800216c   Section        0  at24c02.o(i.MyI2C_Stop)
    i.MyI2C_W_SCL                            0x08002184   Section        0  at24c02.o(i.MyI2C_W_SCL)
    i.MyI2C_W_SDA                            0x080021a0   Section        0  at24c02.o(i.MyI2C_W_SDA)
    i.NMI_Handler                            0x080021bc   Section        0  stm32f10x_it.o(i.NMI_Handler)
    i.NVIC_Init                              0x080021c0   Section        0  misc.o(i.NVIC_Init)
    i.NVIC_PriorityGroupConfig               0x08002230   Section        0  misc.o(i.NVIC_PriorityGroupConfig)
    i.OLED_Clear                             0x08002244   Section        0  oled.o(i.OLED_Clear)
    i.OLED_ClearArea                         0x0800226c   Section        0  oled.o(i.OLED_ClearArea)
    i.OLED_GPIO_Init                         0x08002314   Section        0  oled.o(i.OLED_GPIO_Init)
    i.OLED_I2C_SendByte                      0x08002374   Section        0  oled.o(i.OLED_I2C_SendByte)
    i.OLED_I2C_Start                         0x080023b2   Section        0  oled.o(i.OLED_I2C_Start)
    i.OLED_I2C_Stop                          0x080023ce   Section        0  oled.o(i.OLED_I2C_Stop)
    i.OLED_Init                              0x080023e4   Section        0  oled.o(i.OLED_Init)
    i.OLED_SetCursor                         0x0800247e   Section        0  oled.o(i.OLED_SetCursor)
    i.OLED_ShowChar                          0x080024a0   Section        0  oled.o(i.OLED_ShowChar)
    i.OLED_ShowChinese                       0x080024f4   Section        0  oled.o(i.OLED_ShowChinese)
    i.OLED_ShowImage                         0x0800258c   Section        0  oled.o(i.OLED_ShowImage)
    i.OLED_ShowString                        0x080026b8   Section        0  oled.o(i.OLED_ShowString)
    i.OLED_Update                            0x080026e8   Section        0  oled.o(i.OLED_Update)
    i.OLED_W_SCL                             0x08002710   Section        0  oled.o(i.OLED_W_SCL)
    i.OLED_W_SDA                             0x08002728   Section        0  oled.o(i.OLED_W_SDA)
    i.OLED_WriteCommand                      0x08002740   Section        0  oled.o(i.OLED_WriteCommand)
    i.OLED_WriteData                         0x08002760   Section        0  oled.o(i.OLED_WriteData)
    i.PWM_Init                               0x08002790   Section        0  pwm.o(i.PWM_Init)
    i.PWM_SetCompare3                        0x08002824   Section        0  pwm.o(i.PWM_SetCompare3)
    i.PendSV_Handler                         0x08002834   Section        0  stm32f10x_it.o(i.PendSV_Handler)
    i.RCC_ADCCLKConfig                       0x08002838   Section        0  stm32f10x_rcc.o(i.RCC_ADCCLKConfig)
    i.RCC_APB1PeriphClockCmd                 0x08002850   Section        0  stm32f10x_rcc.o(i.RCC_APB1PeriphClockCmd)
    i.RCC_APB2PeriphClockCmd                 0x08002870   Section        0  stm32f10x_rcc.o(i.RCC_APB2PeriphClockCmd)
    i.RCC_Configuration                      0x08002890   Section        0  system_stm32f10x.o(i.RCC_Configuration)
    i.RCC_DeInit                             0x080028f4   Section        0  stm32f10x_rcc.o(i.RCC_DeInit)
    i.RCC_GetFlagStatus                      0x08002940   Section        0  stm32f10x_rcc.o(i.RCC_GetFlagStatus)
    i.RCC_GetSYSCLKSource                    0x0800297c   Section        0  stm32f10x_rcc.o(i.RCC_GetSYSCLKSource)
    i.RCC_HCLKConfig                         0x0800298c   Section        0  stm32f10x_rcc.o(i.RCC_HCLKConfig)
    i.RCC_HSICmd                             0x080029a4   Section        0  stm32f10x_rcc.o(i.RCC_HSICmd)
    i.RCC_PCLK1Config                        0x080029b0   Section        0  stm32f10x_rcc.o(i.RCC_PCLK1Config)
    i.RCC_PCLK2Config                        0x080029c8   Section        0  stm32f10x_rcc.o(i.RCC_PCLK2Config)
    i.RCC_PLLCmd                             0x080029e0   Section        0  stm32f10x_rcc.o(i.RCC_PLLCmd)
    i.RCC_PLLConfig                          0x080029ec   Section        0  stm32f10x_rcc.o(i.RCC_PLLConfig)
    i.RCC_SYSCLKConfig                       0x08002a08   Section        0  stm32f10x_rcc.o(i.RCC_SYSCLKConfig)
    i.SVC_Handler                            0x08002a20   Section        0  stm32f10x_it.o(i.SVC_Handler)
    i.SetSysClock                            0x08002a22   Section        0  system_stm32f10x.o(i.SetSysClock)
    SetSysClock                              0x08002a23   Thumb Code     8  system_stm32f10x.o(i.SetSysClock)
    i.SetSysClockTo72                        0x08002a2c   Section        0  system_stm32f10x.o(i.SetSysClockTo72)
    SetSysClockTo72                          0x08002a2d   Thumb Code   220  system_stm32f10x.o(i.SetSysClockTo72)
    i.SysTick_Handler                        0x08002b10   Section        0  stm32f10x_it.o(i.SysTick_Handler)
    i.SystemInit                             0x08002b14   Section        0  system_stm32f10x.o(i.SystemInit)
    i.TIM3_IRQHandler                        0x08002b74   Section        0  main.o(i.TIM3_IRQHandler)
    i.TIM4_IRQHandler                        0x08002c50   Section        0  hcsr04.o(i.TIM4_IRQHandler)
    i.TIM_ClearFlag                          0x08002c7c   Section        0  stm32f10x_tim.o(i.TIM_ClearFlag)
    i.TIM_ClearITPendingBit                  0x08002c82   Section        0  stm32f10x_tim.o(i.TIM_ClearITPendingBit)
    i.TIM_Cmd                                0x08002c88   Section        0  stm32f10x_tim.o(i.TIM_Cmd)
    i.TIM_GetITStatus                        0x08002ca0   Section        0  stm32f10x_tim.o(i.TIM_GetITStatus)
    i.TIM_ITConfig                           0x08002cc2   Section        0  stm32f10x_tim.o(i.TIM_ITConfig)
    i.TIM_InternalClockConfig                0x08002cd4   Section        0  stm32f10x_tim.o(i.TIM_InternalClockConfig)
    i.TIM_OC3Init                            0x08002ce0   Section        0  stm32f10x_tim.o(i.TIM_OC3Init)
    i.TIM_OCStructInit                       0x08002d80   Section        0  stm32f10x_tim.o(i.TIM_OCStructInit)
    i.TIM_SetCompare3                        0x08002d94   Section        0  stm32f10x_tim.o(i.TIM_SetCompare3)
    i.TIM_TimeBaseInit                       0x08002d98   Section        0  stm32f10x_tim.o(i.TIM_TimeBaseInit)
    i.Timer_Init                             0x08002e3c   Section        0  timer.o(i.Timer_Init)
    i.UsageFault_Handler                     0x08002eb0   Section        0  stm32f10x_it.o(i.UsageFault_Handler)
    i.Warn_function                          0x08002eb4   Section        0  main.o(i.Warn_function)
    i.__ARM_fpclassify                       0x08002f58   Section        0  fpclassify.o(i.__ARM_fpclassify)
    i._is_digit                              0x08002f80   Section        0  __printf_wp.o(i._is_digit)
    i.main                                   0x08002f90   Section        0  main.o(i.main)
    locale$$code                             0x080030ac   Section       44  lc_numeric_c.o(locale$$code)
    x$fpl$d2f                                0x080030d8   Section       98  d2f.o(x$fpl$d2f)
    x$fpl$dadd                               0x0800313c   Section      336  daddsub_clz.o(x$fpl$dadd)
    _dadd1                                   0x0800314d   Thumb Code     0  daddsub_clz.o(x$fpl$dadd)
    x$fpl$dcmpinf                            0x0800328c   Section       24  dcmpi.o(x$fpl$dcmpinf)
    x$fpl$ddiv                               0x080032a4   Section      688  ddiv.o(x$fpl$ddiv)
    ddiv_entry                               0x080032ab   Thumb Code     0  ddiv.o(x$fpl$ddiv)
    x$fpl$deqf                               0x08003554   Section      120  deqf.o(x$fpl$deqf)
    x$fpl$dfix                               0x080035cc   Section       94  dfix.o(x$fpl$dfix)
    x$fpl$dmul                               0x0800362c   Section      340  dmul.o(x$fpl$dmul)
    x$fpl$dnaninf                            0x08003780   Section      156  dnaninf.o(x$fpl$dnaninf)
    x$fpl$dretinf                            0x0800381c   Section       12  dretinf.o(x$fpl$dretinf)
    x$fpl$dsub                               0x08003828   Section      468  daddsub_clz.o(x$fpl$dsub)
    _dsub1                                   0x08003839   Thumb Code     0  daddsub_clz.o(x$fpl$dsub)
    x$fpl$f2d                                0x080039fc   Section       86  f2d.o(x$fpl$f2d)
    x$fpl$fcmpinf                            0x08003a52   Section       24  fcmpi.o(x$fpl$fcmpinf)
    x$fpl$fdiv                               0x08003a6c   Section      388  fdiv.o(x$fpl$fdiv)
    _fdiv1                                   0x08003a6d   Thumb Code     0  fdiv.o(x$fpl$fdiv)
    x$fpl$fflt                               0x08003bf0   Section       48  fflt_clz.o(x$fpl$fflt)
    x$fpl$ffltu                              0x08003c20   Section       38  fflt_clz.o(x$fpl$ffltu)
    x$fpl$fleqf                              0x08003c48   Section      104  fleqf.o(x$fpl$fleqf)
    x$fpl$fnaninf                            0x08003cb0   Section      140  fnaninf.o(x$fpl$fnaninf)
    x$fpl$fretinf                            0x08003d3c   Section       10  fretinf.o(x$fpl$fretinf)
    x$fpl$printf1                            0x08003d46   Section        4  printf1.o(x$fpl$printf1)
    .constdata                               0x08003d4a   Section     3022  oled_data.o(.constdata)
    x$fpl$usenofp                            0x08003d4a   Section        0  usenofp.o(x$fpl$usenofp)
    .constdata                               0x08004918   Section       17  __printf_flags_ss_wp.o(.constdata)
    maptable                                 0x08004918   Data          17  __printf_flags_ss_wp.o(.constdata)
    .constdata                               0x0800492c   Section      148  bigflt0.o(.constdata)
    tenpwrs_x                                0x0800492c   Data          60  bigflt0.o(.constdata)
    tenpwrs_i                                0x08004968   Data          64  bigflt0.o(.constdata)
    locale$$data                             0x080049e0   Section       28  lc_numeric_c.o(locale$$data)
    __lcnum_c_name                           0x080049e4   Data           2  lc_numeric_c.o(locale$$data)
    __lcnum_c_start                          0x080049ec   Data           0  lc_numeric_c.o(locale$$data)
    __lcnum_c_point                          0x080049f8   Data           0  lc_numeric_c.o(locale$$data)
    __lcnum_c_thousands                      0x080049fa   Data           0  lc_numeric_c.o(locale$$data)
    __lcnum_c_grouping                       0x080049fb   Data           0  lc_numeric_c.o(locale$$data)
    __lcnum_c_end                            0x080049fc   Data           0  lc_numeric_c.o(locale$$data)
    .data                                    0x20000000   Section        4  countsensor.o(.data)
    .data                                    0x20000004   Section       12  hcsr04.o(.data)
    .data                                    0x20000010   Section       41  main.o(.data)
    .bss                                     0x2000003c   Section     1024  oled.o(.bss)
    .bss                                     0x2000043c   Section       42  main.o(.bss)
    .bss                                     0x20000468   Section       96  libspace.o(.bss)
    HEAP                                     0x200004c8   Section      512  startup_stm32f10x_md.o(HEAP)
    Heap_Mem                                 0x200004c8   Data         512  startup_stm32f10x_md.o(HEAP)
    STACK                                    0x200006c8   Section     1024  startup_stm32f10x_md.o(STACK)
    Stack_Mem                                0x200006c8   Data        1024  startup_stm32f10x_md.o(STACK)
    __initial_sp                             0x20000ac8   Data           0  startup_stm32f10x_md.o(STACK)

    Global Symbols

    Symbol Name                              Value     Ov Type        Size  Object(Section)

    BuildAttributes$$THM_ISAv4$P$D$K$B$S$PE$A:L22UL41UL21$X:L11$S22US41US21$IEEE1$IW$USESV6$~STKCKD$USESV7$~SHL$OTIME$ROPI$IEEEX$EBA8$UX$STANDARDLIB$REQ8$PRES8$EABIv2 0x00000000   Number         0  anon$$obj.o ABSOLUTE
    __ARM_use_no_argv                        0x00000000   Number         0  main.o ABSOLUTE
    _printf_flags                            0x00000000   Number         0  printf_stubs.o ABSOLUTE
    _printf_return_value                     0x00000000   Number         0  printf_stubs.o ABSOLUTE
    _printf_sizespec                         0x00000000   Number         0  printf_stubs.o ABSOLUTE
    _printf_widthprec                        0x00000000   Number         0  printf_stubs.o ABSOLUTE
    __ARM_exceptions_init                     - Undefined Weak Reference
    __alloca_initialize                       - Undefined Weak Reference
    __arm_preinit_                            - Undefined Weak Reference
    __cpp_initialize__aeabi_                  - Undefined Weak Reference
    __cxa_finalize                            - Undefined Weak Reference
    __sigvec_lookup                           - Undefined Weak Reference
    _atexit_init                              - Undefined Weak Reference
    _call_atexit_fns                          - Undefined Weak Reference
    _clock_init                               - Undefined Weak Reference
    _fp_trap_init                             - Undefined Weak Reference
    _fp_trap_shutdown                         - Undefined Weak Reference
    _get_lc_collate                           - Undefined Weak Reference
    _get_lc_monetary                          - Undefined Weak Reference
    _get_lc_time                              - Undefined Weak Reference
    _getenv_init                              - Undefined Weak Reference
    _handle_redirection                       - Undefined Weak Reference
    _init_alloc                               - Undefined Weak Reference
    _init_user_alloc                          - Undefined Weak Reference
    _initio                                   - Undefined Weak Reference
    _printf_mbtowc                            - Undefined Weak Reference
    _printf_wc                                - Undefined Weak Reference
    _rand_init                                - Undefined Weak Reference
    _signal_finish                            - Undefined Weak Reference
    _signal_init                              - Undefined Weak Reference
    _terminate_alloc                          - Undefined Weak Reference
    _terminate_user_alloc                     - Undefined Weak Reference
    _terminateio                              - Undefined Weak Reference
    __Vectors_Size                           0x000000ec   Number         0  startup_stm32f10x_md.o ABSOLUTE
    __Vectors                                0x08000000   Data           4  startup_stm32f10x_md.o(RESET)
    __Vectors_End                            0x080000ec   Data           0  startup_stm32f10x_md.o(RESET)
    __main                                   0x080000ed   Thumb Code     8  __main.o(!!!main)
    __scatterload                            0x080000f5   Thumb Code     0  __scatter.o(!!!scatter)
    __scatterload_rt2                        0x080000f5   Thumb Code    44  __scatter.o(!!!scatter)
    __scatterload_rt2_thumb_only             0x080000f5   Thumb Code     0  __scatter.o(!!!scatter)
    __scatterload_null                       0x08000103   Thumb Code     0  __scatter.o(!!!scatter)
    __scatterload_copy                       0x08000129   Thumb Code    26  __scatter_copy.o(!!handler_copy)
    __scatterload_zeroinit                   0x08000145   Thumb Code    28  __scatter_zi.o(!!handler_zi)
    _printf_f                                0x08000161   Thumb Code     0  _printf_f.o(.ARM.Collect$$_printf_percent$$00000003)
    _printf_percent                          0x08000161   Thumb Code     0  _printf_percent.o(.ARM.Collect$$_printf_percent$$00000000)
    _printf_d                                0x08000167   Thumb Code     0  _printf_d.o(.ARM.Collect$$_printf_percent$$00000009)
    _printf_percent_end                      0x0800016d   Thumb Code     0  _printf_percent_end.o(.ARM.Collect$$_printf_percent$$00000017)
    __rt_lib_init                            0x08000171   Thumb Code     0  libinit.o(.ARM.Collect$$libinit$$00000000)
    __rt_lib_init_fp_1                       0x08000173   Thumb Code     0  libinit2.o(.ARM.Collect$$libinit$$00000002)
    __rt_lib_init_heap_1                     0x08000173   Thumb Code     0  libinit2.o(.ARM.Collect$$libinit$$0000000A)
    __rt_lib_init_lc_common                  0x08000173   Thumb Code     0  libinit2.o(.ARM.Collect$$libinit$$0000000F)
    __rt_lib_init_preinit_1                  0x08000173   Thumb Code     0  libinit2.o(.ARM.Collect$$libinit$$00000004)
    __rt_lib_init_rand_1                     0x08000173   Thumb Code     0  libinit2.o(.ARM.Collect$$libinit$$0000000E)
    __rt_lib_init_user_alloc_1               0x08000173   Thumb Code     0  libinit2.o(.ARM.Collect$$libinit$$0000000C)
    __rt_lib_init_lc_collate_1               0x08000179   Thumb Code     0  libinit2.o(.ARM.Collect$$libinit$$00000011)
    __rt_lib_init_lc_ctype_1                 0x08000179   Thumb Code     0  libinit2.o(.ARM.Collect$$libinit$$00000013)
    __rt_lib_init_lc_monetary_1              0x08000179   Thumb Code     0  libinit2.o(.ARM.Collect$$libinit$$00000015)
    __rt_lib_init_lc_numeric_2               0x08000179   Thumb Code     0  libinit2.o(.ARM.Collect$$libinit$$00000016)
    __rt_lib_init_alloca_1                   0x08000183   Thumb Code     0  libinit2.o(.ARM.Collect$$libinit$$0000002E)
    __rt_lib_init_argv_1                     0x08000183   Thumb Code     0  libinit2.o(.ARM.Collect$$libinit$$0000002C)
    __rt_lib_init_atexit_1                   0x08000183   Thumb Code     0  libinit2.o(.ARM.Collect$$libinit$$0000001B)
    __rt_lib_init_clock_1                    0x08000183   Thumb Code     0  libinit2.o(.ARM.Collect$$libinit$$00000021)
    __rt_lib_init_cpp_1                      0x08000183   Thumb Code     0  libinit2.o(.ARM.Collect$$libinit$$00000032)
    __rt_lib_init_exceptions_1               0x08000183   Thumb Code     0  libinit2.o(.ARM.Collect$$libinit$$00000030)
    __rt_lib_init_fp_trap_1                  0x08000183   Thumb Code     0  libinit2.o(.ARM.Collect$$libinit$$0000001F)
    __rt_lib_init_getenv_1                   0x08000183   Thumb Code     0  libinit2.o(.ARM.Collect$$libinit$$00000023)
    __rt_lib_init_lc_numeric_1               0x08000183   Thumb Code     0  libinit2.o(.ARM.Collect$$libinit$$00000017)
    __rt_lib_init_lc_time_1                  0x08000183   Thumb Code     0  libinit2.o(.ARM.Collect$$libinit$$00000019)
    __rt_lib_init_return                     0x08000183   Thumb Code     0  libinit2.o(.ARM.Collect$$libinit$$00000033)
    __rt_lib_init_signal_1                   0x08000183   Thumb Code     0  libinit2.o(.ARM.Collect$$libinit$$0000001D)
    __rt_lib_init_stdio_1                    0x08000183   Thumb Code     0  libinit2.o(.ARM.Collect$$libinit$$00000025)
    __rt_lib_shutdown                        0x08000185   Thumb Code     0  libshutdown.o(.ARM.Collect$$libshutdown$$00000000)
    __rt_lib_shutdown_cpp_1                  0x08000187   Thumb Code     0  libshutdown2.o(.ARM.Collect$$libshutdown$$00000002)
    __rt_lib_shutdown_fp_trap_1              0x08000187   Thumb Code     0  libshutdown2.o(.ARM.Collect$$libshutdown$$00000007)
    __rt_lib_shutdown_heap_1                 0x08000187   Thumb Code     0  libshutdown2.o(.ARM.Collect$$libshutdown$$0000000F)
    __rt_lib_shutdown_return                 0x08000187   Thumb Code     0  libshutdown2.o(.ARM.Collect$$libshutdown$$00000010)
    __rt_lib_shutdown_signal_1               0x08000187   Thumb Code     0  libshutdown2.o(.ARM.Collect$$libshutdown$$0000000A)
    __rt_lib_shutdown_stdio_1                0x08000187   Thumb Code     0  libshutdown2.o(.ARM.Collect$$libshutdown$$00000004)
    __rt_lib_shutdown_user_alloc_1           0x08000187   Thumb Code     0  libshutdown2.o(.ARM.Collect$$libshutdown$$0000000C)
    __rt_entry                               0x08000189   Thumb Code     0  __rtentry.o(.ARM.Collect$$rtentry$$00000000)
    __rt_entry_presh_1                       0x08000189   Thumb Code     0  __rtentry2.o(.ARM.Collect$$rtentry$$00000002)
    __rt_entry_sh                            0x08000189   Thumb Code     0  __rtentry4.o(.ARM.Collect$$rtentry$$00000004)
    __rt_entry_li                            0x0800018f   Thumb Code     0  __rtentry2.o(.ARM.Collect$$rtentry$$0000000A)
    __rt_entry_postsh_1                      0x0800018f   Thumb Code     0  __rtentry2.o(.ARM.Collect$$rtentry$$00000009)
    __rt_entry_main                          0x08000193   Thumb Code     0  __rtentry2.o(.ARM.Collect$$rtentry$$0000000D)
    __rt_entry_postli_1                      0x08000193   Thumb Code     0  __rtentry2.o(.ARM.Collect$$rtentry$$0000000C)
    __rt_exit                                0x0800019b   Thumb Code     0  rtexit.o(.ARM.Collect$$rtexit$$00000000)
    __rt_exit_ls                             0x0800019d   Thumb Code     0  rtexit2.o(.ARM.Collect$$rtexit$$00000003)
    __rt_exit_prels_1                        0x0800019d   Thumb Code     0  rtexit2.o(.ARM.Collect$$rtexit$$00000002)
    __rt_exit_exit                           0x080001a1   Thumb Code     0  rtexit2.o(.ARM.Collect$$rtexit$$00000004)
    Reset_Handler                            0x080001a9   Thumb Code     8  startup_stm32f10x_md.o(.text)
    ADC1_2_IRQHandler                        0x080001c3   Thumb Code     0  startup_stm32f10x_md.o(.text)
    CAN1_RX1_IRQHandler                      0x080001c3   Thumb Code     0  startup_stm32f10x_md.o(.text)
    CAN1_SCE_IRQHandler                      0x080001c3   Thumb Code     0  startup_stm32f10x_md.o(.text)
    DMA1_Channel1_IRQHandler                 0x080001c3   Thumb Code     0  startup_stm32f10x_md.o(.text)
    DMA1_Channel2_IRQHandler                 0x080001c3   Thumb Code     0  startup_stm32f10x_md.o(.text)
    DMA1_Channel3_IRQHandler                 0x080001c3   Thumb Code     0  startup_stm32f10x_md.o(.text)
    DMA1_Channel4_IRQHandler                 0x080001c3   Thumb Code     0  startup_stm32f10x_md.o(.text)
    DMA1_Channel5_IRQHandler                 0x080001c3   Thumb Code     0  startup_stm32f10x_md.o(.text)
    DMA1_Channel6_IRQHandler                 0x080001c3   Thumb Code     0  startup_stm32f10x_md.o(.text)
    DMA1_Channel7_IRQHandler                 0x080001c3   Thumb Code     0  startup_stm32f10x_md.o(.text)
    EXTI0_IRQHandler                         0x080001c3   Thumb Code     0  startup_stm32f10x_md.o(.text)
    EXTI15_10_IRQHandler                     0x080001c3   Thumb Code     0  startup_stm32f10x_md.o(.text)
    EXTI1_IRQHandler                         0x080001c3   Thumb Code     0  startup_stm32f10x_md.o(.text)
    EXTI2_IRQHandler                         0x080001c3   Thumb Code     0  startup_stm32f10x_md.o(.text)
    EXTI4_IRQHandler                         0x080001c3   Thumb Code     0  startup_stm32f10x_md.o(.text)
    EXTI9_5_IRQHandler                       0x080001c3   Thumb Code     0  startup_stm32f10x_md.o(.text)
    FLASH_IRQHandler                         0x080001c3   Thumb Code     0  startup_stm32f10x_md.o(.text)
    I2C1_ER_IRQHandler                       0x080001c3   Thumb Code     0  startup_stm32f10x_md.o(.text)
    I2C1_EV_IRQHandler                       0x080001c3   Thumb Code     0  startup_stm32f10x_md.o(.text)
    I2C2_ER_IRQHandler                       0x080001c3   Thumb Code     0  startup_stm32f10x_md.o(.text)
    I2C2_EV_IRQHandler                       0x080001c3   Thumb Code     0  startup_stm32f10x_md.o(.text)
    PVD_IRQHandler                           0x080001c3   Thumb Code     0  startup_stm32f10x_md.o(.text)
    RCC_IRQHandler                           0x080001c3   Thumb Code     0  startup_stm32f10x_md.o(.text)
    RTCAlarm_IRQHandler                      0x080001c3   Thumb Code     0  startup_stm32f10x_md.o(.text)
    RTC_IRQHandler                           0x080001c3   Thumb Code     0  startup_stm32f10x_md.o(.text)
    SPI1_IRQHandler                          0x080001c3   Thumb Code     0  startup_stm32f10x_md.o(.text)
    SPI2_IRQHandler                          0x080001c3   Thumb Code     0  startup_stm32f10x_md.o(.text)
    TAMPER_IRQHandler                        0x080001c3   Thumb Code     0  startup_stm32f10x_md.o(.text)
    TIM1_BRK_IRQHandler                      0x080001c3   Thumb Code     0  startup_stm32f10x_md.o(.text)
    TIM1_CC_IRQHandler                       0x080001c3   Thumb Code     0  startup_stm32f10x_md.o(.text)
    TIM1_TRG_COM_IRQHandler                  0x080001c3   Thumb Code     0  startup_stm32f10x_md.o(.text)
    TIM1_UP_IRQHandler                       0x080001c3   Thumb Code     0  startup_stm32f10x_md.o(.text)
    TIM2_IRQHandler                          0x080001c3   Thumb Code     0  startup_stm32f10x_md.o(.text)
    USART1_IRQHandler                        0x080001c3   Thumb Code     0  startup_stm32f10x_md.o(.text)
    USART2_IRQHandler                        0x080001c3   Thumb Code     0  startup_stm32f10x_md.o(.text)
    USART3_IRQHandler                        0x080001c3   Thumb Code     0  startup_stm32f10x_md.o(.text)
    USBWakeUp_IRQHandler                     0x080001c3   Thumb Code     0  startup_stm32f10x_md.o(.text)
    USB_HP_CAN1_TX_IRQHandler                0x080001c3   Thumb Code     0  startup_stm32f10x_md.o(.text)
    USB_LP_CAN1_RX0_IRQHandler               0x080001c3   Thumb Code     0  startup_stm32f10x_md.o(.text)
    WWDG_IRQHandler                          0x080001c3   Thumb Code     0  startup_stm32f10x_md.o(.text)
    __user_initial_stackheap                 0x080001c5   Thumb Code     0  startup_stm32f10x_md.o(.text)
    __2sprintf                               0x080001e9   Thumb Code    38  __2sprintf.o(.text)
    _printf_int_dec                          0x08000215   Thumb Code   104  _printf_dec.o(.text)
    __printf                                 0x0800028d   Thumb Code   388  __printf_flags_ss_wp.o(.text)
    strcmp                                   0x08000415   Thumb Code   128  strcmpv7m.o(.text)
    __use_two_region_memory                  0x08000495   Thumb Code     2  heapauxi.o(.text)
    __rt_heap_escrow$2region                 0x08000497   Thumb Code     2  heapauxi.o(.text)
    __rt_heap_expand$2region                 0x08000499   Thumb Code     2  heapauxi.o(.text)
    _printf_int_common                       0x0800049b   Thumb Code   178  _printf_intcommon.o(.text)
    __lib_sel_fp_printf                      0x0800054d   Thumb Code     2  _printf_fp_dec.o(.text)
    _printf_fp_dec_real                      0x080006ff   Thumb Code   620  _printf_fp_dec.o(.text)
    _printf_char_common                      0x08000977   Thumb Code    32  _printf_char_common.o(.text)
    _sputc                                   0x0800099d   Thumb Code    10  _sputc.o(.text)
    __rt_locale                              0x080009a9   Thumb Code     8  rt_locale_intlibspace.o(.text)
    _ll_udiv10                               0x080009b1   Thumb Code   138  lludiv10.o(.text)
    _printf_fp_infnan                        0x08000a3d   Thumb Code   112  _printf_fp_infnan.o(.text)
    _btod_etento                             0x08000abd   Thumb Code   224  bigflt0.o(.text)
    __user_libspace                          0x08000ba1   Thumb Code     8  libspace.o(.text)
    __user_perproc_libspace                  0x08000ba1   Thumb Code     0  libspace.o(.text)
    __user_perthread_libspace                0x08000ba1   Thumb Code     0  libspace.o(.text)
    __user_setup_stackheap                   0x08000ba9   Thumb Code    74  sys_stackheap_outer.o(.text)
    exit                                     0x08000bf3   Thumb Code    18  exit.o(.text)
    _sys_exit                                0x08000c05   Thumb Code     8  sys_exit.o(.text)
    __I$use$semihosting                      0x08000c11   Thumb Code     0  use_no_semi.o(.text)
    __use_no_semihosting_swi                 0x08000c11   Thumb Code     2  use_no_semi.o(.text)
    __semihosting_library_function           0x08000c13   Thumb Code     0  indicate_semi.o(.text)
    _btod_d2e                                0x08000c13   Thumb Code    62  btod.o(CL$$btod_d2e)
    _d2e_denorm_low                          0x08000c51   Thumb Code    70  btod.o(CL$$btod_d2e_denorm_low)
    _d2e_norm_op1                            0x08000c97   Thumb Code    96  btod.o(CL$$btod_d2e_norm_op1)
    __btod_div_common                        0x08000cf7   Thumb Code   696  btod.o(CL$$btod_div_common)
    _e2e                                     0x0800102f   Thumb Code   220  btod.o(CL$$btod_e2e)
    _btod_ediv                               0x0800110b   Thumb Code    42  btod.o(CL$$btod_ediv)
    _btod_emul                               0x08001135   Thumb Code    42  btod.o(CL$$btod_emul)
    __btod_mult_common                       0x0800115f   Thumb Code   580  btod.o(CL$$btod_mult_common)
    AT24C02_Erase                            0x080013a3   Thumb Code    36  at24c02.o(i.AT24C02_Erase)
    AT24C02_Init                             0x080013c7   Thumb Code     8  at24c02.o(i.AT24C02_Init)
    AT24C02_ReadByte                         0x080013cf   Thumb Code    62  at24c02.o(i.AT24C02_ReadByte)
    AT24C02_Read_Float                       0x0800140d   Thumb Code    48  at24c02.o(i.AT24C02_Read_Float)
    AT24C02_WriteByte                        0x0800143d   Thumb Code    52  at24c02.o(i.AT24C02_WriteByte)
    AT24C02_Write_Float                      0x08001471   Thumb Code    46  at24c02.o(i.AT24C02_Write_Float)
    BusFault_Handler                         0x0800149f   Thumb Code     4  stm32f10x_it.o(i.BusFault_Handler)
    Buzzer_Init                              0x080014a5   Thumb Code    38  buzzer.o(i.Buzzer_Init)
    Buzzer_OFF                               0x080014d1   Thumb Code    14  buzzer.o(i.Buzzer_OFF)
    Buzzer_ON                                0x080014e5   Thumb Code    14  buzzer.o(i.Buzzer_ON)
    CountSensor_Init                         0x080014f9   Thumb Code   110  countsensor.o(i.CountSensor_Init)
    DS18B20_Check                            0x0800156d   Thumb Code   104  ds18b20.o(i.DS18B20_Check)
    DS18B20_GET                              0x080015d9   Thumb Code    20  main.o(i.DS18B20_GET)
    DS18B20_Get_Temp                         0x080015f1   Thumb Code   136  ds18b20.o(i.DS18B20_Get_Temp)
    DS18B20_Init                             0x0800167d   Thumb Code    62  ds18b20.o(i.DS18B20_Init)
    DS18B20_Read_Bit                         0x080016c1   Thumb Code   118  ds18b20.o(i.DS18B20_Read_Bit)
    DS18B20_Read_Byte                        0x0800173d   Thumb Code    34  ds18b20.o(i.DS18B20_Read_Byte)
    DS18B20_Rst                              0x08001761   Thumb Code    72  ds18b20.o(i.DS18B20_Rst)
    DS18B20_Start                            0x080017ad   Thumb Code    24  ds18b20.o(i.DS18B20_Start)
    DS18B20_Write_Byte                       0x080017c5   Thumb Code   138  ds18b20.o(i.DS18B20_Write_Byte)
    DebugMon_Handler                         0x08001855   Thumb Code     2  stm32f10x_it.o(i.DebugMon_Handler)
    Delay_ms                                 0x08001857   Thumb Code    24  delay.o(i.Delay_ms)
    Delay_us                                 0x0800186f   Thumb Code    46  delay.o(i.Delay_us)
    Display_function                         0x0800189d   Thumb Code   308  main.o(i.Display_function)
    EXTI3_IRQHandler                         0x08001a7d   Thumb Code    30  countsensor.o(i.EXTI3_IRQHandler)
    EXTI_ClearITPendingBit                   0x08001aa1   Thumb Code     6  stm32f10x_exti.o(i.EXTI_ClearITPendingBit)
    EXTI_GetITStatus                         0x08001aad   Thumb Code    34  stm32f10x_exti.o(i.EXTI_GetITStatus)
    EXTI_Init                                0x08001ad5   Thumb Code   142  stm32f10x_exti.o(i.EXTI_Init)
    GPIO_EXTILineConfig                      0x08001b69   Thumb Code    60  stm32f10x_gpio.o(i.GPIO_EXTILineConfig)
    GPIO_Init                                0x08001ba9   Thumb Code   278  stm32f10x_gpio.o(i.GPIO_Init)
    GPIO_ReadInputDataBit                    0x08001cbf   Thumb Code    18  stm32f10x_gpio.o(i.GPIO_ReadInputDataBit)
    GPIO_ResetBits                           0x08001cd1   Thumb Code     4  stm32f10x_gpio.o(i.GPIO_ResetBits)
    GPIO_SetBits                             0x08001cd5   Thumb Code     4  stm32f10x_gpio.o(i.GPIO_SetBits)
    GPIO_WriteBit                            0x08001cd9   Thumb Code    10  stm32f10x_gpio.o(i.GPIO_WriteBit)
    HardFault_Handler                        0x08001ce3   Thumb Code     4  stm32f10x_it.o(i.HardFault_Handler)
    Key_GetNum                               0x08001ce9   Thumb Code   210  key.o(i.Key_GetNum)
    Key_Init                                 0x08001dc1   Thumb Code    40  key.o(i.Key_Init)
    Key_function                             0x08001ded   Thumb Code   382  main.o(i.Key_function)
    LED1_OFF                                 0x08001f99   Thumb Code    14  led.o(i.LED1_OFF)
    LED1_ON                                  0x08001fad   Thumb Code    14  led.o(i.LED1_ON)
    LED_Init                                 0x08001fc1   Thumb Code    48  led.o(i.LED_Init)
    MemManage_Handler                        0x08001ff5   Thumb Code     4  stm32f10x_it.o(i.MemManage_Handler)
    Motor_Init                               0x08001ff9   Thumb Code    42  motor.o(i.Motor_Init)
    Motor_SetSpeed                           0x08002029   Thumb Code    58  motor.o(i.Motor_SetSpeed)
    MyI2C_Init                               0x08002069   Thumb Code    50  at24c02.o(i.MyI2C_Init)
    MyI2C_R_SDA                              0x080020a1   Thumb Code    24  at24c02.o(i.MyI2C_R_SDA)
    MyI2C_ReceiveAck                         0x080020bd   Thumb Code    30  at24c02.o(i.MyI2C_ReceiveAck)
    MyI2C_ReceiveByte                        0x080020db   Thumb Code    52  at24c02.o(i.MyI2C_ReceiveByte)
    MyI2C_SendAck                            0x0800210f   Thumb Code    24  at24c02.o(i.MyI2C_SendAck)
    MyI2C_SendByte                           0x08002127   Thumb Code    42  at24c02.o(i.MyI2C_SendByte)
    MyI2C_Start                              0x08002151   Thumb Code    28  at24c02.o(i.MyI2C_Start)
    MyI2C_Stop                               0x0800216d   Thumb Code    22  at24c02.o(i.MyI2C_Stop)
    MyI2C_W_SCL                              0x08002185   Thumb Code    24  at24c02.o(i.MyI2C_W_SCL)
    MyI2C_W_SDA                              0x080021a1   Thumb Code    24  at24c02.o(i.MyI2C_W_SDA)
    NMI_Handler                              0x080021bd   Thumb Code     2  stm32f10x_it.o(i.NMI_Handler)
    NVIC_Init                                0x080021c1   Thumb Code   100  misc.o(i.NVIC_Init)
    NVIC_PriorityGroupConfig                 0x08002231   Thumb Code    10  misc.o(i.NVIC_PriorityGroupConfig)
    OLED_Clear                               0x08002245   Thumb Code    36  oled.o(i.OLED_Clear)
    OLED_ClearArea                           0x0800226d   Thumb Code   162  oled.o(i.OLED_ClearArea)
    OLED_GPIO_Init                           0x08002315   Thumb Code    92  oled.o(i.OLED_GPIO_Init)
    OLED_I2C_SendByte                        0x08002375   Thumb Code    62  oled.o(i.OLED_I2C_SendByte)
    OLED_I2C_Start                           0x080023b3   Thumb Code    28  oled.o(i.OLED_I2C_Start)
    OLED_I2C_Stop                            0x080023cf   Thumb Code    22  oled.o(i.OLED_I2C_Stop)
    OLED_Init                                0x080023e5   Thumb Code   154  oled.o(i.OLED_Init)
    OLED_SetCursor                           0x0800247f   Thumb Code    34  oled.o(i.OLED_SetCursor)
    OLED_ShowChar                            0x080024a1   Thumb Code    74  oled.o(i.OLED_ShowChar)
    OLED_ShowChinese                         0x080024f5   Thumb Code   144  oled.o(i.OLED_ShowChinese)
    OLED_ShowImage                           0x0800258d   Thumb Code   296  oled.o(i.OLED_ShowImage)
    OLED_ShowString                          0x080026b9   Thumb Code    46  oled.o(i.OLED_ShowString)
    OLED_Update                              0x080026e9   Thumb Code    36  oled.o(i.OLED_Update)
    OLED_W_SCL                               0x08002711   Thumb Code    18  oled.o(i.OLED_W_SCL)
    OLED_W_SDA                               0x08002729   Thumb Code    18  oled.o(i.OLED_W_SDA)
    OLED_WriteCommand                        0x08002741   Thumb Code    32  oled.o(i.OLED_WriteCommand)
    OLED_WriteData                           0x08002761   Thumb Code    46  oled.o(i.OLED_WriteData)
    PWM_Init                                 0x08002791   Thumb Code   144  pwm.o(i.PWM_Init)
    PWM_SetCompare3                          0x08002825   Thumb Code    16  pwm.o(i.PWM_SetCompare3)
    PendSV_Handler                           0x08002835   Thumb Code     2  stm32f10x_it.o(i.PendSV_Handler)
    RCC_ADCCLKConfig                         0x08002839   Thumb Code    18  stm32f10x_rcc.o(i.RCC_ADCCLKConfig)
    RCC_APB1PeriphClockCmd                   0x08002851   Thumb Code    26  stm32f10x_rcc.o(i.RCC_APB1PeriphClockCmd)
    RCC_APB2PeriphClockCmd                   0x08002871   Thumb Code    26  stm32f10x_rcc.o(i.RCC_APB2PeriphClockCmd)
    RCC_Configuration                        0x08002891   Thumb Code    98  system_stm32f10x.o(i.RCC_Configuration)
    RCC_DeInit                               0x080028f5   Thumb Code    64  stm32f10x_rcc.o(i.RCC_DeInit)
    RCC_GetFlagStatus                        0x08002941   Thumb Code    56  stm32f10x_rcc.o(i.RCC_GetFlagStatus)
    RCC_GetSYSCLKSource                      0x0800297d   Thumb Code    10  stm32f10x_rcc.o(i.RCC_GetSYSCLKSource)
    RCC_HCLKConfig                           0x0800298d   Thumb Code    18  stm32f10x_rcc.o(i.RCC_HCLKConfig)
    RCC_HSICmd                               0x080029a5   Thumb Code     6  stm32f10x_rcc.o(i.RCC_HSICmd)
    RCC_PCLK1Config                          0x080029b1   Thumb Code    18  stm32f10x_rcc.o(i.RCC_PCLK1Config)
    RCC_PCLK2Config                          0x080029c9   Thumb Code    20  stm32f10x_rcc.o(i.RCC_PCLK2Config)
    RCC_PLLCmd                               0x080029e1   Thumb Code     6  stm32f10x_rcc.o(i.RCC_PLLCmd)
    RCC_PLLConfig                            0x080029ed   Thumb Code    24  stm32f10x_rcc.o(i.RCC_PLLConfig)
    RCC_SYSCLKConfig                         0x08002a09   Thumb Code    18  stm32f10x_rcc.o(i.RCC_SYSCLKConfig)
    SVC_Handler                              0x08002a21   Thumb Code     2  stm32f10x_it.o(i.SVC_Handler)
    SysTick_Handler                          0x08002b11   Thumb Code     2  stm32f10x_it.o(i.SysTick_Handler)
    SystemInit                               0x08002b15   Thumb Code    78  system_stm32f10x.o(i.SystemInit)
    TIM3_IRQHandler                          0x08002b75   Thumb Code   170  main.o(i.TIM3_IRQHandler)
    TIM4_IRQHandler                          0x08002c51   Thumb Code    34  hcsr04.o(i.TIM4_IRQHandler)
    TIM_ClearFlag                            0x08002c7d   Thumb Code     6  stm32f10x_tim.o(i.TIM_ClearFlag)
    TIM_ClearITPendingBit                    0x08002c83   Thumb Code     6  stm32f10x_tim.o(i.TIM_ClearITPendingBit)
    TIM_Cmd                                  0x08002c89   Thumb Code    24  stm32f10x_tim.o(i.TIM_Cmd)
    TIM_GetITStatus                          0x08002ca1   Thumb Code    34  stm32f10x_tim.o(i.TIM_GetITStatus)
    TIM_ITConfig                             0x08002cc3   Thumb Code    18  stm32f10x_tim.o(i.TIM_ITConfig)
    TIM_InternalClockConfig                  0x08002cd5   Thumb Code    12  stm32f10x_tim.o(i.TIM_InternalClockConfig)
    TIM_OC3Init                              0x08002ce1   Thumb Code   150  stm32f10x_tim.o(i.TIM_OC3Init)
    TIM_OCStructInit                         0x08002d81   Thumb Code    20  stm32f10x_tim.o(i.TIM_OCStructInit)
    TIM_SetCompare3                          0x08002d95   Thumb Code     4  stm32f10x_tim.o(i.TIM_SetCompare3)
    TIM_TimeBaseInit                         0x08002d99   Thumb Code   122  stm32f10x_tim.o(i.TIM_TimeBaseInit)
    Timer_Init                               0x08002e3d   Thumb Code   112  timer.o(i.Timer_Init)
    UsageFault_Handler                       0x08002eb1   Thumb Code     4  stm32f10x_it.o(i.UsageFault_Handler)
    Warn_function                            0x08002eb5   Thumb Code   144  main.o(i.Warn_function)
    __ARM_fpclassify                         0x08002f59   Thumb Code    40  fpclassify.o(i.__ARM_fpclassify)
    _is_digit                                0x08002f81   Thumb Code    14  __printf_wp.o(i._is_digit)
    main                                     0x08002f91   Thumb Code   246  main.o(i.main)
    _get_lc_numeric                          0x080030ad   Thumb Code    44  lc_numeric_c.o(locale$$code)
    __aeabi_d2f                              0x080030d9   Thumb Code     0  d2f.o(x$fpl$d2f)
    _d2f                                     0x080030d9   Thumb Code    98  d2f.o(x$fpl$d2f)
    __aeabi_dadd                             0x0800313d   Thumb Code     0  daddsub_clz.o(x$fpl$dadd)
    _dadd                                    0x0800313d   Thumb Code   332  daddsub_clz.o(x$fpl$dadd)
    __fpl_dcmp_Inf                           0x0800328d   Thumb Code    24  dcmpi.o(x$fpl$dcmpinf)
    __aeabi_ddiv                             0x080032a5   Thumb Code     0  ddiv.o(x$fpl$ddiv)
    _ddiv                                    0x080032a5   Thumb Code   552  ddiv.o(x$fpl$ddiv)
    __aeabi_cdcmpeq                          0x08003555   Thumb Code     0  deqf.o(x$fpl$deqf)
    _dcmpeq                                  0x08003555   Thumb Code   120  deqf.o(x$fpl$deqf)
    __aeabi_d2iz                             0x080035cd   Thumb Code     0  dfix.o(x$fpl$dfix)
    _dfix                                    0x080035cd   Thumb Code    94  dfix.o(x$fpl$dfix)
    __aeabi_dmul                             0x0800362d   Thumb Code     0  dmul.o(x$fpl$dmul)
    _dmul                                    0x0800362d   Thumb Code   332  dmul.o(x$fpl$dmul)
    __fpl_dnaninf                            0x08003781   Thumb Code   156  dnaninf.o(x$fpl$dnaninf)
    __fpl_dretinf                            0x0800381d   Thumb Code    12  dretinf.o(x$fpl$dretinf)
    __aeabi_dsub                             0x08003829   Thumb Code     0  daddsub_clz.o(x$fpl$dsub)
    _dsub                                    0x08003829   Thumb Code   464  daddsub_clz.o(x$fpl$dsub)
    __aeabi_f2d                              0x080039fd   Thumb Code     0  f2d.o(x$fpl$f2d)
    _f2d                                     0x080039fd   Thumb Code    86  f2d.o(x$fpl$f2d)
    __fpl_fcmp_Inf                           0x08003a53   Thumb Code    24  fcmpi.o(x$fpl$fcmpinf)
    __aeabi_fdiv                             0x08003a6d   Thumb Code     0  fdiv.o(x$fpl$fdiv)
    _fdiv                                    0x08003a6d   Thumb Code   384  fdiv.o(x$fpl$fdiv)
    __aeabi_i2f                              0x08003bf1   Thumb Code     0  fflt_clz.o(x$fpl$fflt)
    _fflt                                    0x08003bf1   Thumb Code    48  fflt_clz.o(x$fpl$fflt)
    __aeabi_ui2f                             0x08003c21   Thumb Code     0  fflt_clz.o(x$fpl$ffltu)
    _ffltu                                   0x08003c21   Thumb Code    38  fflt_clz.o(x$fpl$ffltu)
    __aeabi_cfcmple                          0x08003c49   Thumb Code     0  fleqf.o(x$fpl$fleqf)
    _fcmple                                  0x08003c49   Thumb Code   104  fleqf.o(x$fpl$fleqf)
    __fpl_fcmple_InfNaN                      0x08003c9b   Thumb Code     0  fleqf.o(x$fpl$fleqf)
    __fpl_fnaninf                            0x08003cb1   Thumb Code   140  fnaninf.o(x$fpl$fnaninf)
    __fpl_fretinf                            0x08003d3d   Thumb Code    10  fretinf.o(x$fpl$fretinf)
    _printf_fp_dec                           0x08003d47   Thumb Code     4  printf1.o(x$fpl$printf1)
    OLED_F8x16                               0x08003d4a   Data        1520  oled_data.o(.constdata)
    __I$use$fp                               0x08003d4a   Number         0  usenofp.o(x$fpl$usenofp)
    OLED_F6x8                                0x0800433a   Data         570  oled_data.o(.constdata)
    OLED_CF16x16                             0x08004574   Data         900  oled_data.o(.constdata)
    Diode                                    0x080048f8   Data          32  oled_data.o(.constdata)
    Region$$Table$$Base                      0x080049c0   Number         0  anon$$obj.o(Region$$Table)
    Region$$Table$$Limit                     0x080049e0   Number         0  anon$$obj.o(Region$$Table)
    CountSensor_Count                        0x20000000   Data           4  countsensor.o(.data)
    ultasonic                                0x20000004   Data           4  hcsr04.o(.data)
    dis                                      0x20000008   Data           4  hcsr04.o(.data)
    count                                    0x2000000c   Data           4  hcsr04.o(.data)
    KeyNum                                   0x20000010   Data           1  main.o(.data)
    motor_speed                              0x20000011   Data           1  main.o(.data)
    last_CountSensor_Count                   0x20000014   Data           4  main.o(.data)
    last_second_CountSensor_Count            0x20000018   Data           4  main.o(.data)
    speed_max                                0x2000001c   Data           1  main.o(.data)
    _1s_number                               0x20000020   Data           4  main.o(.data)
    speed                                    0x20000024   Data           4  main.o(.data)
    mileage                                  0x20000028   Data           4  main.o(.data)
    temperature                              0x2000002c   Data           2  main.o(.data)
    pi                                       0x20000030   Data           4  main.o(.data)
    Diameter                                 0x20000034   Data           4  main.o(.data)
    Mark_Sign                                0x20000038   Data           1  main.o(.data)
    OLED_DisplayBuf                          0x2000003c   Data        1024  oled.o(.bss)
    display_buf                              0x2000043c   Data          32  main.o(.bss)
    tempStr                                  0x2000045c   Data          10  main.o(.bss)
    __libspace_start                         0x20000468   Data          96  libspace.o(.bss)
    __temporary_stack_top$libspace           0x200004c8   Data           0  libspace.o(.bss)



==============================================================================

Memory Map of the image

  Image Entry point : 0x080000ed

  Load Region LR_IROM1 (Base: 0x08000000, Size: 0x00004a38, Max: 0x00010000, ABSOLUTE)

    Execution Region ER_IROM1 (Exec base: 0x08000000, Load base: 0x08000000, Size: 0x000049fc, Max: 0x00010000, ABSOLUTE)

    Exec Addr    Load Addr    Size         Type   Attr      Idx    E Section Name        Object

    0x08000000   0x08000000   0x000000ec   Data   RO            3    RESET               startup_stm32f10x_md.o
    0x080000ec   0x080000ec   0x00000008   Code   RO         4013  * !!!main             c_w.l(__main.o)
    0x080000f4   0x080000f4   0x00000034   Code   RO         4425    !!!scatter          c_w.l(__scatter.o)
    0x08000128   0x08000128   0x0000001a   Code   RO         4427    !!handler_copy      c_w.l(__scatter_copy.o)
    0x08000142   0x08000142   0x00000002   PAD
    0x08000144   0x08000144   0x0000001c   Code   RO         4429    !!handler_zi        c_w.l(__scatter_zi.o)
    0x08000160   0x08000160   0x00000000   Code   RO         4008    .ARM.Collect$$_printf_percent$$00000000  c_w.l(_printf_percent.o)
    0x08000160   0x08000160   0x00000006   Code   RO         4007    .ARM.Collect$$_printf_percent$$00000003  c_w.l(_printf_f.o)
    0x08000166   0x08000166   0x00000006   Code   RO         4006    .ARM.Collect$$_printf_percent$$00000009  c_w.l(_printf_d.o)
    0x0800016c   0x0800016c   0x00000004   Code   RO         4143    .ARM.Collect$$_printf_percent$$00000017  c_w.l(_printf_percent_end.o)
    0x08000170   0x08000170   0x00000002   Code   RO         4289    .ARM.Collect$$libinit$$00000000  c_w.l(libinit.o)
    0x08000172   0x08000172   0x00000000   Code   RO         4291    .ARM.Collect$$libinit$$00000002  c_w.l(libinit2.o)
    0x08000172   0x08000172   0x00000000   Code   RO         4293    .ARM.Collect$$libinit$$00000004  c_w.l(libinit2.o)
    0x08000172   0x08000172   0x00000000   Code   RO         4296    .ARM.Collect$$libinit$$0000000A  c_w.l(libinit2.o)
    0x08000172   0x08000172   0x00000000   Code   RO         4298    .ARM.Collect$$libinit$$0000000C  c_w.l(libinit2.o)
    0x08000172   0x08000172   0x00000000   Code   RO         4300    .ARM.Collect$$libinit$$0000000E  c_w.l(libinit2.o)
    0x08000172   0x08000172   0x00000006   Code   RO         4301    .ARM.Collect$$libinit$$0000000F  c_w.l(libinit2.o)
    0x08000178   0x08000178   0x00000000   Code   RO         4303    .ARM.Collect$$libinit$$00000011  c_w.l(libinit2.o)
    0x08000178   0x08000178   0x00000000   Code   RO         4305    .ARM.Collect$$libinit$$00000013  c_w.l(libinit2.o)
    0x08000178   0x08000178   0x00000000   Code   RO         4307    .ARM.Collect$$libinit$$00000015  c_w.l(libinit2.o)
    0x08000178   0x08000178   0x0000000a   Code   RO         4308    .ARM.Collect$$libinit$$00000016  c_w.l(libinit2.o)
    0x08000182   0x08000182   0x00000000   Code   RO         4309    .ARM.Collect$$libinit$$00000017  c_w.l(libinit2.o)
    0x08000182   0x08000182   0x00000000   Code   RO         4311    .ARM.Collect$$libinit$$00000019  c_w.l(libinit2.o)
    0x08000182   0x08000182   0x00000000   Code   RO         4313    .ARM.Collect$$libinit$$0000001B  c_w.l(libinit2.o)
    0x08000182   0x08000182   0x00000000   Code   RO         4315    .ARM.Collect$$libinit$$0000001D  c_w.l(libinit2.o)
    0x08000182   0x08000182   0x00000000   Code   RO         4317    .ARM.Collect$$libinit$$0000001F  c_w.l(libinit2.o)
    0x08000182   0x08000182   0x00000000   Code   RO         4319    .ARM.Collect$$libinit$$00000021  c_w.l(libinit2.o)
    0x08000182   0x08000182   0x00000000   Code   RO         4321    .ARM.Collect$$libinit$$00000023  c_w.l(libinit2.o)
    0x08000182   0x08000182   0x00000000   Code   RO         4323    .ARM.Collect$$libinit$$00000025  c_w.l(libinit2.o)
    0x08000182   0x08000182   0x00000000   Code   RO         4327    .ARM.Collect$$libinit$$0000002C  c_w.l(libinit2.o)
    0x08000182   0x08000182   0x00000000   Code   RO         4329    .ARM.Collect$$libinit$$0000002E  c_w.l(libinit2.o)
    0x08000182   0x08000182   0x00000000   Code   RO         4331    .ARM.Collect$$libinit$$00000030  c_w.l(libinit2.o)
    0x08000182   0x08000182   0x00000000   Code   RO         4333    .ARM.Collect$$libinit$$00000032  c_w.l(libinit2.o)
    0x08000182   0x08000182   0x00000002   Code   RO         4334    .ARM.Collect$$libinit$$00000033  c_w.l(libinit2.o)
    0x08000184   0x08000184   0x00000002   Code   RO         4373    .ARM.Collect$$libshutdown$$00000000  c_w.l(libshutdown.o)
    0x08000186   0x08000186   0x00000000   Code   RO         4384    .ARM.Collect$$libshutdown$$00000002  c_w.l(libshutdown2.o)
    0x08000186   0x08000186   0x00000000   Code   RO         4386    .ARM.Collect$$libshutdown$$00000004  c_w.l(libshutdown2.o)
    0x08000186   0x08000186   0x00000000   Code   RO         4389    .ARM.Collect$$libshutdown$$00000007  c_w.l(libshutdown2.o)
    0x08000186   0x08000186   0x00000000   Code   RO         4392    .ARM.Collect$$libshutdown$$0000000A  c_w.l(libshutdown2.o)
    0x08000186   0x08000186   0x00000000   Code   RO         4394    .ARM.Collect$$libshutdown$$0000000C  c_w.l(libshutdown2.o)
    0x08000186   0x08000186   0x00000000   Code   RO         4397    .ARM.Collect$$libshutdown$$0000000F  c_w.l(libshutdown2.o)
    0x08000186   0x08000186   0x00000002   Code   RO         4398    .ARM.Collect$$libshutdown$$00000010  c_w.l(libshutdown2.o)
    0x08000188   0x08000188   0x00000000   Code   RO         4081    .ARM.Collect$$rtentry$$00000000  c_w.l(__rtentry.o)
    0x08000188   0x08000188   0x00000000   Code   RO         4200    .ARM.Collect$$rtentry$$00000002  c_w.l(__rtentry2.o)
    0x08000188   0x08000188   0x00000006   Code   RO         4212    .ARM.Collect$$rtentry$$00000004  c_w.l(__rtentry4.o)
    0x0800018e   0x0800018e   0x00000000   Code   RO         4202    .ARM.Collect$$rtentry$$00000009  c_w.l(__rtentry2.o)
    0x0800018e   0x0800018e   0x00000004   Code   RO         4203    .ARM.Collect$$rtentry$$0000000A  c_w.l(__rtentry2.o)
    0x08000192   0x08000192   0x00000000   Code   RO         4205    .ARM.Collect$$rtentry$$0000000C  c_w.l(__rtentry2.o)
    0x08000192   0x08000192   0x00000008   Code   RO         4206    .ARM.Collect$$rtentry$$0000000D  c_w.l(__rtentry2.o)
    0x0800019a   0x0800019a   0x00000002   Code   RO         4337    .ARM.Collect$$rtexit$$00000000  c_w.l(rtexit.o)
    0x0800019c   0x0800019c   0x00000000   Code   RO         4349    .ARM.Collect$$rtexit$$00000002  c_w.l(rtexit2.o)
    0x0800019c   0x0800019c   0x00000004   Code   RO         4350    .ARM.Collect$$rtexit$$00000003  c_w.l(rtexit2.o)
    0x080001a0   0x080001a0   0x00000006   Code   RO         4351    .ARM.Collect$$rtexit$$00000004  c_w.l(rtexit2.o)
    0x080001a6   0x080001a6   0x00000002   PAD
    0x080001a8   0x080001a8   0x00000040   Code   RO            4    .text               startup_stm32f10x_md.o
    0x080001e8   0x080001e8   0x0000002c   Code   RO         3978    .text               c_w.l(__2sprintf.o)
    0x08000214   0x08000214   0x00000078   Code   RO         3984    .text               c_w.l(_printf_dec.o)
    0x0800028c   0x0800028c   0x00000188   Code   RO         4003    .text               c_w.l(__printf_flags_ss_wp.o)
    0x08000414   0x08000414   0x00000080   Code   RO         4009    .text               c_w.l(strcmpv7m.o)
    0x08000494   0x08000494   0x00000006   Code   RO         4011    .text               c_w.l(heapauxi.o)
    0x0800049a   0x0800049a   0x000000b2   Code   RO         4090    .text               c_w.l(_printf_intcommon.o)
    0x0800054c   0x0800054c   0x0000041e   Code   RO         4094    .text               c_w.l(_printf_fp_dec.o)
    0x0800096a   0x0800096a   0x00000002   PAD
    0x0800096c   0x0800096c   0x00000030   Code   RO         4096    .text               c_w.l(_printf_char_common.o)
    0x0800099c   0x0800099c   0x0000000a   Code   RO         4098    .text               c_w.l(_sputc.o)
    0x080009a6   0x080009a6   0x00000002   PAD
    0x080009a8   0x080009a8   0x00000008   Code   RO         4217    .text               c_w.l(rt_locale_intlibspace.o)
    0x080009b0   0x080009b0   0x0000008a   Code   RO         4224    .text               c_w.l(lludiv10.o)
    0x08000a3a   0x08000a3a   0x00000002   PAD
    0x08000a3c   0x08000a3c   0x00000080   Code   RO         4229    .text               c_w.l(_printf_fp_infnan.o)
    0x08000abc   0x08000abc   0x000000e4   Code   RO         4237    .text               c_w.l(bigflt0.o)
    0x08000ba0   0x08000ba0   0x00000008   Code   RO         4275    .text               c_w.l(libspace.o)
    0x08000ba8   0x08000ba8   0x0000004a   Code   RO         4278    .text               c_w.l(sys_stackheap_outer.o)
    0x08000bf2   0x08000bf2   0x00000012   Code   RO         4282    .text               c_w.l(exit.o)
    0x08000c04   0x08000c04   0x0000000c   Code   RO         4363    .text               c_w.l(sys_exit.o)
    0x08000c10   0x08000c10   0x00000002   Code   RO         4374    .text               c_w.l(use_no_semi.o)
    0x08000c12   0x08000c12   0x00000000   Code   RO         4376    .text               c_w.l(indicate_semi.o)
    0x08000c12   0x08000c12   0x0000003e   Code   RO         4240    CL$$btod_d2e        c_w.l(btod.o)
    0x08000c50   0x08000c50   0x00000046   Code   RO         4242    CL$$btod_d2e_denorm_low  c_w.l(btod.o)
    0x08000c96   0x08000c96   0x00000060   Code   RO         4241    CL$$btod_d2e_norm_op1  c_w.l(btod.o)
    0x08000cf6   0x08000cf6   0x00000338   Code   RO         4250    CL$$btod_div_common  c_w.l(btod.o)
    0x0800102e   0x0800102e   0x000000dc   Code   RO         4247    CL$$btod_e2e        c_w.l(btod.o)
    0x0800110a   0x0800110a   0x0000002a   Code   RO         4244    CL$$btod_ediv       c_w.l(btod.o)
    0x08001134   0x08001134   0x0000002a   Code   RO         4243    CL$$btod_emul       c_w.l(btod.o)
    0x0800115e   0x0800115e   0x00000244   Code   RO         4249    CL$$btod_mult_common  c_w.l(btod.o)
    0x080013a2   0x080013a2   0x00000024   Code   RO         3661    i.AT24C02_Erase     at24c02.o
    0x080013c6   0x080013c6   0x00000008   Code   RO         3662    i.AT24C02_Init      at24c02.o
    0x080013ce   0x080013ce   0x0000003e   Code   RO         3663    i.AT24C02_ReadByte  at24c02.o
    0x0800140c   0x0800140c   0x00000030   Code   RO         3664    i.AT24C02_Read_Float  at24c02.o
    0x0800143c   0x0800143c   0x00000034   Code   RO         3665    i.AT24C02_WriteByte  at24c02.o
    0x08001470   0x08001470   0x0000002e   Code   RO         3666    i.AT24C02_Write_Float  at24c02.o
    0x0800149e   0x0800149e   0x00000004   Code   RO         3911    i.BusFault_Handler  stm32f10x_it.o
    0x080014a2   0x080014a2   0x00000002   PAD
    0x080014a4   0x080014a4   0x0000002c   Code   RO         3637    i.Buzzer_Init       buzzer.o
    0x080014d0   0x080014d0   0x00000014   Code   RO         3638    i.Buzzer_OFF        buzzer.o
    0x080014e4   0x080014e4   0x00000014   Code   RO         3639    i.Buzzer_ON         buzzer.o
    0x080014f8   0x080014f8   0x00000074   Code   RO         3203    i.CountSensor_Init  countsensor.o
    0x0800156c   0x0800156c   0x0000006c   Code   RO         3583    i.DS18B20_Check     ds18b20.o
    0x080015d8   0x080015d8   0x00000018   Code   RO         3829    i.DS18B20_GET       main.o
    0x080015f0   0x080015f0   0x0000008c   Code   RO         3584    i.DS18B20_Get_Temp  ds18b20.o
    0x0800167c   0x0800167c   0x00000044   Code   RO         3585    i.DS18B20_Init      ds18b20.o
    0x080016c0   0x080016c0   0x0000007c   Code   RO         3586    i.DS18B20_Read_Bit  ds18b20.o
    0x0800173c   0x0800173c   0x00000022   Code   RO         3587    i.DS18B20_Read_Byte  ds18b20.o
    0x0800175e   0x0800175e   0x00000002   PAD
    0x08001760   0x08001760   0x0000004c   Code   RO         3588    i.DS18B20_Rst       ds18b20.o
    0x080017ac   0x080017ac   0x00000018   Code   RO         3589    i.DS18B20_Start     ds18b20.o
    0x080017c4   0x080017c4   0x00000090   Code   RO         3590    i.DS18B20_Write_Byte  ds18b20.o
    0x08001854   0x08001854   0x00000002   Code   RO         3912    i.DebugMon_Handler  stm32f10x_it.o
    0x08001856   0x08001856   0x00000018   Code   RO         3793    i.Delay_ms          delay.o
    0x0800186e   0x0800186e   0x0000002e   Code   RO         3795    i.Delay_us          delay.o
    0x0800189c   0x0800189c   0x000001e0   Code   RO         3830    i.Display_function  main.o
    0x08001a7c   0x08001a7c   0x00000024   Code   RO         3204    i.EXTI3_IRQHandler  countsensor.o
    0x08001aa0   0x08001aa0   0x0000000c   Code   RO          991    i.EXTI_ClearITPendingBit  stm32f10x_exti.o
    0x08001aac   0x08001aac   0x00000028   Code   RO          995    i.EXTI_GetITStatus  stm32f10x_exti.o
    0x08001ad4   0x08001ad4   0x00000094   Code   RO          996    i.EXTI_Init         stm32f10x_exti.o
    0x08001b68   0x08001b68   0x00000040   Code   RO         1350    i.GPIO_EXTILineConfig  stm32f10x_gpio.o
    0x08001ba8   0x08001ba8   0x00000116   Code   RO         1353    i.GPIO_Init         stm32f10x_gpio.o
    0x08001cbe   0x08001cbe   0x00000012   Code   RO         1357    i.GPIO_ReadInputDataBit  stm32f10x_gpio.o
    0x08001cd0   0x08001cd0   0x00000004   Code   RO         1360    i.GPIO_ResetBits    stm32f10x_gpio.o
    0x08001cd4   0x08001cd4   0x00000004   Code   RO         1361    i.GPIO_SetBits      stm32f10x_gpio.o
    0x08001cd8   0x08001cd8   0x0000000a   Code   RO         1364    i.GPIO_WriteBit     stm32f10x_gpio.o
    0x08001ce2   0x08001ce2   0x00000004   Code   RO         3913    i.HardFault_Handler  stm32f10x_it.o
    0x08001ce6   0x08001ce6   0x00000002   PAD
    0x08001ce8   0x08001ce8   0x000000d8   Code   RO         3229    i.Key_GetNum        key.o
    0x08001dc0   0x08001dc0   0x0000002c   Code   RO         3230    i.Key_Init          key.o
    0x08001dec   0x08001dec   0x000001ac   Code   RO         3831    i.Key_function      main.o
    0x08001f98   0x08001f98   0x00000014   Code   RO         3250    i.LED1_OFF          led.o
    0x08001fac   0x08001fac   0x00000014   Code   RO         3251    i.LED1_ON           led.o
    0x08001fc0   0x08001fc0   0x00000034   Code   RO         3253    i.LED_Init          led.o
    0x08001ff4   0x08001ff4   0x00000004   Code   RO         3914    i.MemManage_Handler  stm32f10x_it.o
    0x08001ff8   0x08001ff8   0x00000030   Code   RO         3280    i.Motor_Init        motor.o
    0x08002028   0x08002028   0x00000040   Code   RO         3281    i.Motor_SetSpeed    motor.o
    0x08002068   0x08002068   0x00000038   Code   RO         3667    i.MyI2C_Init        at24c02.o
    0x080020a0   0x080020a0   0x0000001c   Code   RO         3668    i.MyI2C_R_SDA       at24c02.o
    0x080020bc   0x080020bc   0x0000001e   Code   RO         3669    i.MyI2C_ReceiveAck  at24c02.o
    0x080020da   0x080020da   0x00000034   Code   RO         3670    i.MyI2C_ReceiveByte  at24c02.o
    0x0800210e   0x0800210e   0x00000018   Code   RO         3671    i.MyI2C_SendAck     at24c02.o
    0x08002126   0x08002126   0x0000002a   Code   RO         3672    i.MyI2C_SendByte    at24c02.o
    0x08002150   0x08002150   0x0000001c   Code   RO         3673    i.MyI2C_Start       at24c02.o
    0x0800216c   0x0800216c   0x00000016   Code   RO         3674    i.MyI2C_Stop        at24c02.o
    0x08002182   0x08002182   0x00000002   PAD
    0x08002184   0x08002184   0x0000001c   Code   RO         3675    i.MyI2C_W_SCL       at24c02.o
    0x080021a0   0x080021a0   0x0000001c   Code   RO         3676    i.MyI2C_W_SDA       at24c02.o
    0x080021bc   0x080021bc   0x00000002   Code   RO         3915    i.NMI_Handler       stm32f10x_it.o
    0x080021be   0x080021be   0x00000002   PAD
    0x080021c0   0x080021c0   0x00000070   Code   RO          143    i.NVIC_Init         misc.o
    0x08002230   0x08002230   0x00000014   Code   RO          144    i.NVIC_PriorityGroupConfig  misc.o
    0x08002244   0x08002244   0x00000028   Code   RO         3301    i.OLED_Clear        oled.o
    0x0800226c   0x0800226c   0x000000a8   Code   RO         3302    i.OLED_ClearArea    oled.o
    0x08002314   0x08002314   0x00000060   Code   RO         3310    i.OLED_GPIO_Init    oled.o
    0x08002374   0x08002374   0x0000003e   Code   RO         3312    i.OLED_I2C_SendByte  oled.o
    0x080023b2   0x080023b2   0x0000001c   Code   RO         3313    i.OLED_I2C_Start    oled.o
    0x080023ce   0x080023ce   0x00000016   Code   RO         3314    i.OLED_I2C_Stop     oled.o
    0x080023e4   0x080023e4   0x0000009a   Code   RO         3315    i.OLED_Init         oled.o
    0x0800247e   0x0800247e   0x00000022   Code   RO         3321    i.OLED_SetCursor    oled.o
    0x080024a0   0x080024a0   0x00000054   Code   RO         3323    i.OLED_ShowChar     oled.o
    0x080024f4   0x080024f4   0x00000098   Code   RO         3324    i.OLED_ShowChinese  oled.o
    0x0800258c   0x0800258c   0x0000012c   Code   RO         3327    i.OLED_ShowImage    oled.o
    0x080026b8   0x080026b8   0x0000002e   Code   RO         3330    i.OLED_ShowString   oled.o
    0x080026e6   0x080026e6   0x00000002   PAD
    0x080026e8   0x080026e8   0x00000028   Code   RO         3331    i.OLED_Update       oled.o
    0x08002710   0x08002710   0x00000018   Code   RO         3333    i.OLED_W_SCL        oled.o
    0x08002728   0x08002728   0x00000018   Code   RO         3334    i.OLED_W_SDA        oled.o
    0x08002740   0x08002740   0x00000020   Code   RO         3335    i.OLED_WriteCommand  oled.o
    0x08002760   0x08002760   0x0000002e   Code   RO         3336    i.OLED_WriteData    oled.o
    0x0800278e   0x0800278e   0x00000002   PAD
    0x08002790   0x08002790   0x00000094   Code   RO         3565    i.PWM_Init          pwm.o
    0x08002824   0x08002824   0x00000010   Code   RO         3566    i.PWM_SetCompare3   pwm.o
    0x08002834   0x08002834   0x00000002   Code   RO         3916    i.PendSV_Handler    stm32f10x_it.o
    0x08002836   0x08002836   0x00000002   PAD
    0x08002838   0x08002838   0x00000018   Code   RO         1779    i.RCC_ADCCLKConfig  stm32f10x_rcc.o
    0x08002850   0x08002850   0x00000020   Code   RO         1781    i.RCC_APB1PeriphClockCmd  stm32f10x_rcc.o
    0x08002870   0x08002870   0x00000020   Code   RO         1783    i.RCC_APB2PeriphClockCmd  stm32f10x_rcc.o
    0x08002890   0x08002890   0x00000062   Code   RO           24    i.RCC_Configuration  system_stm32f10x.o
    0x080028f2   0x080028f2   0x00000002   PAD
    0x080028f4   0x080028f4   0x0000004c   Code   RO         1790    i.RCC_DeInit        stm32f10x_rcc.o
    0x08002940   0x08002940   0x0000003c   Code   RO         1792    i.RCC_GetFlagStatus  stm32f10x_rcc.o
    0x0800297c   0x0800297c   0x00000010   Code   RO         1794    i.RCC_GetSYSCLKSource  stm32f10x_rcc.o
    0x0800298c   0x0800298c   0x00000018   Code   RO         1795    i.RCC_HCLKConfig    stm32f10x_rcc.o
    0x080029a4   0x080029a4   0x0000000c   Code   RO         1797    i.RCC_HSICmd        stm32f10x_rcc.o
    0x080029b0   0x080029b0   0x00000018   Code   RO         1802    i.RCC_PCLK1Config   stm32f10x_rcc.o
    0x080029c8   0x080029c8   0x00000018   Code   RO         1803    i.RCC_PCLK2Config   stm32f10x_rcc.o
    0x080029e0   0x080029e0   0x0000000c   Code   RO         1804    i.RCC_PLLCmd        stm32f10x_rcc.o
    0x080029ec   0x080029ec   0x0000001c   Code   RO         1805    i.RCC_PLLConfig     stm32f10x_rcc.o
    0x08002a08   0x08002a08   0x00000018   Code   RO         1808    i.RCC_SYSCLKConfig  stm32f10x_rcc.o
    0x08002a20   0x08002a20   0x00000002   Code   RO         3917    i.SVC_Handler       stm32f10x_it.o
    0x08002a22   0x08002a22   0x00000008   Code   RO           25    i.SetSysClock       system_stm32f10x.o
    0x08002a2a   0x08002a2a   0x00000002   PAD
    0x08002a2c   0x08002a2c   0x000000e4   Code   RO           26    i.SetSysClockTo72   system_stm32f10x.o
    0x08002b10   0x08002b10   0x00000002   Code   RO         3918    i.SysTick_Handler   stm32f10x_it.o
    0x08002b12   0x08002b12   0x00000002   PAD
    0x08002b14   0x08002b14   0x00000060   Code   RO           28    i.SystemInit        system_stm32f10x.o
    0x08002b74   0x08002b74   0x000000dc   Code   RO         3832    i.TIM3_IRQHandler   main.o
    0x08002c50   0x08002c50   0x0000002c   Code   RO         3767    i.TIM4_IRQHandler   hcsr04.o
    0x08002c7c   0x08002c7c   0x00000006   Code   RO         2421    i.TIM_ClearFlag     stm32f10x_tim.o
    0x08002c82   0x08002c82   0x00000006   Code   RO         2422    i.TIM_ClearITPendingBit  stm32f10x_tim.o
    0x08002c88   0x08002c88   0x00000018   Code   RO         2427    i.TIM_Cmd           stm32f10x_tim.o
    0x08002ca0   0x08002ca0   0x00000022   Code   RO         2448    i.TIM_GetITStatus   stm32f10x_tim.o
    0x08002cc2   0x08002cc2   0x00000012   Code   RO         2452    i.TIM_ITConfig      stm32f10x_tim.o
    0x08002cd4   0x08002cd4   0x0000000c   Code   RO         2454    i.TIM_InternalClockConfig  stm32f10x_tim.o
    0x08002ce0   0x08002ce0   0x000000a0   Code   RO         2466    i.TIM_OC3Init       stm32f10x_tim.o
    0x08002d80   0x08002d80   0x00000014   Code   RO         2474    i.TIM_OCStructInit  stm32f10x_tim.o
    0x08002d94   0x08002d94   0x00000004   Code   RO         2490    i.TIM_SetCompare3   stm32f10x_tim.o
    0x08002d98   0x08002d98   0x000000a4   Code   RO         2498    i.TIM_TimeBaseInit  stm32f10x_tim.o
    0x08002e3c   0x08002e3c   0x00000074   Code   RO         3817    i.Timer_Init        timer.o
    0x08002eb0   0x08002eb0   0x00000004   Code   RO         3919    i.UsageFault_Handler  stm32f10x_it.o
    0x08002eb4   0x08002eb4   0x000000a4   Code   RO         3833    i.Warn_function     main.o
    0x08002f58   0x08002f58   0x00000028   Code   RO         4271    i.__ARM_fpclassify  m_ws.l(fpclassify.o)
    0x08002f80   0x08002f80   0x0000000e   Code   RO         3996    i._is_digit         c_w.l(__printf_wp.o)
    0x08002f8e   0x08002f8e   0x00000002   PAD
    0x08002f90   0x08002f90   0x0000011c   Code   RO         3834    i.main              main.o
    0x080030ac   0x080030ac   0x0000002c   Code   RO         4265    locale$$code        c_w.l(lc_numeric_c.o)
    0x080030d8   0x080030d8   0x00000062   Code   RO         4015    x$fpl$d2f           fz_ws.l(d2f.o)
    0x0800313a   0x0800313a   0x00000002   PAD
    0x0800313c   0x0800313c   0x00000150   Code   RO         4017    x$fpl$dadd          fz_ws.l(daddsub_clz.o)
    0x0800328c   0x0800328c   0x00000018   Code   RO         4153    x$fpl$dcmpinf       fz_ws.l(dcmpi.o)
    0x080032a4   0x080032a4   0x000002b0   Code   RO         4024    x$fpl$ddiv          fz_ws.l(ddiv.o)
    0x08003554   0x08003554   0x00000078   Code   RO         4027    x$fpl$deqf          fz_ws.l(deqf.o)
    0x080035cc   0x080035cc   0x0000005e   Code   RO         4029    x$fpl$dfix          fz_ws.l(dfix.o)
    0x0800362a   0x0800362a   0x00000002   PAD
    0x0800362c   0x0800362c   0x00000154   Code   RO         4045    x$fpl$dmul          fz_ws.l(dmul.o)
    0x08003780   0x08003780   0x0000009c   Code   RO         4155    x$fpl$dnaninf       fz_ws.l(dnaninf.o)
    0x0800381c   0x0800381c   0x0000000c   Code   RO         4157    x$fpl$dretinf       fz_ws.l(dretinf.o)
    0x08003828   0x08003828   0x000001d4   Code   RO         4019    x$fpl$dsub          fz_ws.l(daddsub_clz.o)
    0x080039fc   0x080039fc   0x00000056   Code   RO         4049    x$fpl$f2d           fz_ws.l(f2d.o)
    0x08003a52   0x08003a52   0x00000018   Code   RO         4161    x$fpl$fcmpinf       fz_ws.l(fcmpi.o)
    0x08003a6a   0x08003a6a   0x00000002   PAD
    0x08003a6c   0x08003a6c   0x00000184   Code   RO         4058    x$fpl$fdiv          fz_ws.l(fdiv.o)
    0x08003bf0   0x08003bf0   0x00000030   Code   RO         4062    x$fpl$fflt          fz_ws.l(fflt_clz.o)
    0x08003c20   0x08003c20   0x00000026   Code   RO         4061    x$fpl$ffltu         fz_ws.l(fflt_clz.o)
    0x08003c46   0x08003c46   0x00000002   PAD
    0x08003c48   0x08003c48   0x00000068   Code   RO         4067    x$fpl$fleqf         fz_ws.l(fleqf.o)
    0x08003cb0   0x08003cb0   0x0000008c   Code   RO         4163    x$fpl$fnaninf       fz_ws.l(fnaninf.o)
    0x08003d3c   0x08003d3c   0x0000000a   Code   RO         4165    x$fpl$fretinf       fz_ws.l(fretinf.o)
    0x08003d46   0x08003d46   0x00000004   Code   RO         4069    x$fpl$printf1       fz_ws.l(printf1.o)
    0x08003d4a   0x08003d4a   0x00000000   Code   RO         4173    x$fpl$usenofp       fz_ws.l(usenofp.o)
    0x08003d4a   0x08003d4a   0x00000bce   Data   RO         3553    .constdata          oled_data.o
    0x08004918   0x08004918   0x00000011   Data   RO         4004    .constdata          c_w.l(__printf_flags_ss_wp.o)
    0x08004929   0x08004929   0x00000003   PAD
    0x0800492c   0x0800492c   0x00000094   Data   RO         4238    .constdata          c_w.l(bigflt0.o)
    0x080049c0   0x080049c0   0x00000020   Data   RO         4423    Region$$Table       anon$$obj.o
    0x080049e0   0x080049e0   0x0000001c   Data   RO         4264    locale$$data        c_w.l(lc_numeric_c.o)


    Execution Region RW_IRAM1 (Exec base: 0x20000000, Load base: 0x080049fc, Size: 0x00000ac8, Max: 0x00005000, ABSOLUTE)

    Exec Addr    Load Addr    Size         Type   Attr      Idx    E Section Name        Object

    0x20000000   0x080049fc   0x00000004   Data   RW         3205    .data               countsensor.o
    0x20000004   0x08004a00   0x0000000c   Data   RW         3769    .data               hcsr04.o
    0x20000010   0x08004a0c   0x00000029   Data   RW         3836    .data               main.o
    0x20000039   0x08004a35   0x00000003   PAD
    0x2000003c        -       0x00000400   Zero   RW         3338    .bss                oled.o
    0x2000043c        -       0x0000002a   Zero   RW         3835    .bss                main.o
    0x20000466   0x08004a35   0x00000002   PAD
    0x20000468        -       0x00000060   Zero   RW         4276    .bss                c_w.l(libspace.o)
    0x200004c8        -       0x00000200   Zero   RW            2    HEAP                startup_stm32f10x_md.o
    0x200006c8        -       0x00000400   Zero   RW            1    STACK               startup_stm32f10x_md.o


==============================================================================

Image component sizes


      Code (inc. data)   RO Data    RW Data    ZI Data      Debug   Object Name

       590         18          0          0          0       8343   at24c02.o
        84         18          0          0          0       1307   buzzer.o
         0          0          0          0          0       4500   core_cm3.o
       152         12          0          4          0       1278   countsensor.o
        70          0          0          0          0        914   delay.o
       718         30          0          0          0       4352   ds18b20.o
        44         10          0         12          0        720   hcsr04.o
       260         10          0          0          0       1040   key.o
        92         16          0          0          0       1280   led.o
      1600        336          0         41         42       4700   main.o
       132         22          0          0          0     206851   misc.o
       112         12          0          0          0        982   motor.o
      1352         52          0          0       1024      10274   oled.o
         0          0       3022          0          0       1062   oled_data.o
       164          4          0          0          0       1089   pwm.o
        64         26        236          0       1536        808   startup_stm32f10x_md.o
         0          0          0          0          0       1652   stm32f10x_adc.o
       200         18          0          0          0       4056   stm32f10x_exti.o
       378          4          0          0          0      12862   stm32f10x_gpio.o
        26          0          0          0          0       3674   stm32f10x_it.o
       388         78          0          0          0       6562   stm32f10x_rcc.o
       448         52          0          0          0      26203   stm32f10x_tim.o
       430         26          0          0          0      30953   system_stm32f10x.o
       116          4          0          0          0        537   timer.o

    ----------------------------------------------------------------------
      7442        748       3290         60       2604     335999   Object Totals
         0          0         32          0          0          0   (incl. Generated)
        22          0          0          3          2          0   (incl. Padding)

    ----------------------------------------------------------------------

      Code (inc. data)   RO Data    RW Data    ZI Data      Debug   Library Member Name

        44          6          0          0          0         84   __2sprintf.o
         8          0          0          0          0         68   __main.o
       392          4         17          0          0         92   __printf_flags_ss_wp.o
        14          0          0          0          0         68   __printf_wp.o
         0          0          0          0          0          0   __rtentry.o
        12          0          0          0          0          0   __rtentry2.o
         6          0          0          0          0          0   __rtentry4.o
        52          8          0          0          0          0   __scatter.o
        26          0          0          0          0          0   __scatter_copy.o
        28          0          0          0          0          0   __scatter_zi.o
        48          6          0          0          0         96   _printf_char_common.o
         6          0          0          0          0          0   _printf_d.o
       120         16          0          0          0         92   _printf_dec.o
         6          0          0          0          0          0   _printf_f.o
      1054          0          0          0          0        216   _printf_fp_dec.o
       128         16          0          0          0         84   _printf_fp_infnan.o
       178          0          0          0          0         88   _printf_intcommon.o
         0          0          0          0          0          0   _printf_percent.o
         4          0          0          0          0          0   _printf_percent_end.o
        10          0          0          0          0         68   _sputc.o
       228          4        148          0          0         96   bigflt0.o
      1936        128          0          0          0        672   btod.o
        18          0          0          0          0         80   exit.o
         6          0          0          0          0        152   heapauxi.o
         0          0          0          0          0          0   indicate_semi.o
        44         10         28          0          0         76   lc_numeric_c.o
         2          0          0          0          0          0   libinit.o
        18          0          0          0          0          0   libinit2.o
         2          0          0          0          0          0   libshutdown.o
         2          0          0          0          0          0   libshutdown2.o
         8          4          0          0         96         68   libspace.o
       138          0          0          0          0         80   lludiv10.o
         8          4          0          0          0         68   rt_locale_intlibspace.o
         2          0          0          0          0          0   rtexit.o
        10          0          0          0          0          0   rtexit2.o
       128          0          0          0          0         68   strcmpv7m.o
        12          4          0          0          0         68   sys_exit.o
        74          0          0          0          0         80   sys_stackheap_outer.o
         2          0          0          0          0         68   use_no_semi.o
        98          4          0          0          0         92   d2f.o
       804         16          0          0          0        272   daddsub_clz.o
        24          0          0          0          0         68   dcmpi.o
       688        140          0          0          0        208   ddiv.o
       120          4          0          0          0         92   deqf.o
        94          4          0          0          0         92   dfix.o
       340         12          0          0          0        104   dmul.o
       156          4          0          0          0         92   dnaninf.o
        12          0          0          0          0         68   dretinf.o
        86          4          0          0          0         84   f2d.o
        24          0          0          0          0         68   fcmpi.o
       388         76          0          0          0         96   fdiv.o
        86          0          0          0          0        136   fflt_clz.o
       104          4          0          0          0         84   fleqf.o
       140          4          0          0          0         84   fnaninf.o
        10          0          0          0          0         68   fretinf.o
         4          0          0          0          0         68   printf1.o
         0          0          0          0          0          0   usenofp.o
        40          0          0          0          0         68   fpclassify.o

    ----------------------------------------------------------------------
      8012        482        196          0         96       4376   Library Totals
        20          0          3          0          0          0   (incl. Padding)

    ----------------------------------------------------------------------

      Code (inc. data)   RO Data    RW Data    ZI Data      Debug   Library Name

      4774        210        193          0         96       2532   c_w.l
      3178        272          0          0          0       1776   fz_ws.l
        40          0          0          0          0         68   m_ws.l

    ----------------------------------------------------------------------
      8012        482        196          0         96       4376   Library Totals

    ----------------------------------------------------------------------

==============================================================================


      Code (inc. data)   RO Data    RW Data    ZI Data      Debug   

     15454       1230       3486         60       2700     332415   Grand Totals
     15454       1230       3486         60       2700     332415   ELF Image Totals
     15454       1230       3486         60          0          0   ROM Totals

==============================================================================

    Total RO  Size (Code + RO Data)                18940 (  18.50kB)
    Total RW  Size (RW Data + ZI Data)              2760 (   2.70kB)
    Total ROM Size (Code + RO Data + RW Data)      19000 (  18.55kB)

==============================================================================

